error: assertion failed
   --> verification/lsn.rs:154:16
    |
154 |         assert(hex_value(prefixed) == hex_digit_value(byte));
    |                ^^^^^^^^^^^^^^^^^^^^^^^^^^^^^^^^^^^^^^^^^^^^ assertion failed

note: while loop: not all errors may have been reported; rerun with a higher value for --multiple-errors to find other potential errors in this function
   --> verification/lsn.rs:373:9
    |
373 |         while high_value > 0
    |         ^^^^^^^^^^^^^^^^^^^^

note: function body check: not all errors may have been reported; rerun with a higher value for --multiple-errors to find other potential errors in this function
   --> verification/lsn.rs:352:1
    |
352 | pub fn format_bytes(position: u64) -> (formatted: ([u8; 17], usize))
    | ^^^^^^^^^^^^^^^^^^^^^^^^^^^^^^^^^^^^^^^^^^^^^^^^^^^^^^^^^^^^^^^^^^^

error: postcondition not satisfied
   --> verification/lsn.rs:355:9
    |
355 |         forall|index: int| 0 <= index < formatted.1 ==> formatted.0@[index] < 128,
    |         ^^^^^^^^^^^^^^^^^^^^^^^^^^^^^^^^^^^^^^^^^^^^^^^^^^^^^^^^^^^^^^^^^^^^^^^^^ failed this postcondition
...
521 |     (buffer, high_digits + 9)
    |     ------------------------- at the end of the function body

error: postcondition not satisfied
   --> verification/lsn.rs:356:9
    |
356 | /         forall|index: int| 0 <= index < formatted.1
357 | |             ==> formatted.0@[index] == 0x2Fu8 || uppercase_hex_byte(formatted.0@[index]),
    | |________________________________________________________________________________________^ failed this postcondition
...
521 |       (buffer, high_digits + 9)
    |       ------------------------- at the end of the function body

note: recommendation not met: value may be out of range of the target type (use `#[verifier::truncate]` on the cast to silence this warning)
   --> verification/lsn.rs:364:16
    |
364 |     let high = (position >> 32) as u32;
    |                ^^^^^^^^^^^^^^^^

error: assertion failed
   --> verification/lsn.rs:387:28
    |
387 |                     assert(high_value as int * pow16(high_digits as int) <= high as int);
    |                            ^^^^^^^^^^^^^^^^^^^^^^^^^^^^^^^^^^^^^^^^^^^^^^^^^^^^^^^^^^^^ assertion failed

error: requires not satisfied
   --> verification/lsn.rs:435:25
    |
435 |                         old_value as int * pow16(old_digits as int) <= high as int,
    |                         ^^^^^^^^^^^^^^^^^^^^^^^^^^^^^^^^^^^^^^^^^^^^^^^^^^^^^^^^^^

error: assertion failed
   --> verification/lsn.rs:509:17
    |
509 | /                 next_value as int * pow16((old_index + 1) as int)
510 | |                     + hex_value(new_suffix)
511 | |                     == (next_value as int * 16 + digit_value as int)
512 | |                         * pow16(old_index as int) + hex_value(old_suffix)
    | |_________________________________________________________________________^ assertion failed

verification results:: 33 verified, 4 errors
error: aborting due to 6 previous errors

