━━━━━━━━━━━━━━━━━━━━━━━━━━━━━━━━━━━━━━━━━━━━━━━━━━━━━━━━━━━━
  Builder image platform mismatch: got linux/amd64, need linux/arm64
  Building it now for Light E2E packaging …
━━━━━━━━━━━━━━━━━━━━━━━━━━━━━━━━━━━━━━━━━━━━━━━━━━━━━━━━━━━━
#0 building with "desktop-linux" instance using docker driver

#1 [internal] load build definition from Dockerfile.builder
#1 transferring dockerfile: 2.02kB done
#1 DONE 0.0s

#2 resolve image config for docker-image://docker.io/docker/dockerfile:1
#2 DONE 0.9s

#3 docker-image://docker.io/docker/dockerfile:1@sha256:ecfaec9ed6d810b56388c508f4121597bfbba70d41a6dfeee4d8cad5f295fc32
#3 resolve docker.io/docker/dockerfile:1@sha256:ecfaec9ed6d810b56388c508f4121597bfbba70d41a6dfeee4d8cad5f295fc32 0.0s done
#3 CACHED

#4 [internal] load metadata for docker.io/library/postgres:18.6
#4 DONE 0.7s

#5 [internal] load .dockerignore
#5 transferring context: 559B 0.0s done
#5 DONE 0.0s

#6 [stage-0 1/5] FROM docker.io/library/postgres:18.6@sha256:5a5a84b19854a9ffaa54082c166ff4ec27473a361e496e5ea167f298f2da9722
#6 resolve docker.io/library/postgres:18.6@sha256:5a5a84b19854a9ffaa54082c166ff4ec27473a361e496e5ea167f298f2da9722 0.0s done
#6 DONE 0.0s

#7 [stage-0 2/5] RUN apt-get update && apt-get install -y --no-install-recommends         curl         build-essential         libreadline-dev         zlib1g-dev         pkg-config         libssl-dev         libclang-dev         clang         postgresql-server-dev-18         ca-certificates         git     && rm -rf /var/lib/apt/lists/*
#7 CACHED

#8 [stage-0 3/5] RUN curl --proto '=https' --tlsv1.2 -sSf https://sh.rustup.rs     | sh -s -- -y --default-toolchain stable
#8 CACHED

#9 [stage-0 4/5] RUN --mount=type=cache,target=/root/.cargo/registry     --mount=type=cache,target=/root/.cargo/git     cargo install --locked cargo-pgrx --version 0.18.0
#9 CACHED

#10 [stage-0 5/5] RUN cargo pgrx init --pg18 /usr/bin/pg_config
#10 CACHED

#11 exporting to image
#11 exporting layers done
#11 exporting manifest sha256:13a0e4f063461bdd973d20be180eb785dda652c3a6424c96ee5821faa9685eb2 done
#11 exporting config sha256:bf24094c803c6723f6b0d1fe9782e7d22cffc64c45ea9988520e658697530752 done
#11 exporting attestation manifest sha256:7b25ee38316ce8d60e2504e5aee360e79485e6ef780b986bb2bbb295eb1d3ce5 done
#11 exporting manifest list sha256:e6e6b475ecfb98f957f945010048c1ff760afeb227f889af1e626b31b2d72adb done
#11 naming to docker.io/library/pg_trickle_builder:pg18 done
#11 unpacking to docker.io/library/pg_trickle_builder:pg18
#11 unpacking to docker.io/library/pg_trickle_builder:pg18 13.2s done
#11 DONE 13.3s
WARNING: current commit information was not captured by the build: failed to get git commit: git stderr:
error: Could not read 20c1476b6a8ad4a57cfc5441069f333afc110511
fatal: unable to parse commit 20c1476b6a8ad4a57cfc5441069f333afc110511
: exit status 128
Packaging Linux extension artifacts in builder image: pg_trickle_builder:pg18
[32m[1m       Using[0m[39m [37m[1mPgConfig("pg18")[0m[39m and `pg_config` from [36m/usr/bin/pg_config[39m
   Compiling proc-macro2 v1.0.106
   Compiling quote v1.0.45
   Compiling unicode-ident v1.0.24
   Compiling libc v0.2.185
   Compiling stable_deref_trait v1.2.1
   Compiling serde_core v1.0.229
   Compiling thiserror v2.0.20
   Compiling eyre v0.6.12
   Compiling cfg-if v1.0.4
   Compiling writeable v0.6.3
   Compiling memchr v2.8.0
   Compiling litemap v0.8.2
   Compiling utf8_iter v1.0.4
   Compiling icu_properties_data v2.2.0
   Compiling zmij v1.0.21
   Compiling icu_normalizer_data v2.2.0
   Compiling serde v1.0.229
   Compiling typenum v1.20.0
   Compiling serde_json v1.0.151
   Compiling shlex v1.3.0
   Compiling autocfg v1.5.0
   Compiling smallvec v1.15.1
   Compiling glob v0.3.3
   Compiling indenter v0.3.4
   Compiling getrandom v0.4.2
   Compiling anyhow v1.0.103
   Compiling once_cell v1.21.4
   Compiling find-msvc-tools v0.1.9
   Compiling clang-sys v1.8.1
   Compiling winnow v1.0.2
   Compiling cmov v0.5.3
   Compiling rand_core v0.10.1
   Compiling syn v2.0.117
   Compiling syn v3.0.5
   Compiling ctutils v0.4.2
   Compiling hybrid-array v0.4.10
   Compiling toml_parser v1.1.2+spec-1.1.0
   Compiling cc v1.2.60
   Compiling aho-corasick v1.1.5
   Compiling const-oid v0.10.2
   Compiling winnow v0.7.15
   Compiling percent-encoding v2.3.2
   Compiling owo-colors v4.3.0
   Compiling minimal-lexical v0.2.1
   Compiling crypto-common v0.2.1
   Compiling block-buffer v0.12.0
   Compiling is_ci v1.2.0
   Compiling toml_writer v1.1.1+spec-1.1.0
   Compiling regex-syntax v0.8.10
   Compiling supports-color v3.0.2
   Compiling libloading v0.8.9
   Compiling nom v7.1.3
   Compiling serde_spanned v1.1.1
   Compiling toml_datetime v0.7.5+spec-1.1.0
   Compiling form_urlencoded v1.2.2
   Compiling digest v0.11.2
   Compiling fnv v1.0.7
   Compiling toml v0.9.12+spec-1.1.0
   Compiling strsim v0.11.1
   Compiling unicode-width v0.2.2
   Compiling foldhash v0.2.0
   Compiling anstyle v1.0.14
   Compiling allocator-api2 v0.2.21
   Compiling itoa v1.0.18
   Compiling either v1.15.0
   Compiling equivalent v1.0.2
   Compiling bindgen v0.72.1
   Compiling thiserror-impl v2.0.20
   Compiling serde_derive v1.0.229
   Compiling ident_case v1.0.1
   Compiling tinyvec_macros v0.1.1
   Compiling tinyvec v1.11.0
   Compiling hashbrown v0.17.0
   Compiling itertools v0.13.0
   Compiling regex-automata v0.4.14
   Compiling cexpr v0.6.0
   Compiling annotate-snippets v0.11.5
   Compiling pathsearch v0.2.0
   Compiling synstructure v0.13.2
   Compiling darling_core v0.20.11
   Compiling syn_verus v2.0.96 (https://github.com/verus-lang/verus?rev=2e59154#2e591548)
   Compiling bytes v1.11.1
   Compiling same-file v1.0.6
   Compiling foldhash v0.1.5
   Compiling bitflags v2.11.1
   Compiling rustc-hash v2.1.2
   Compiling hashbrown v0.15.5
   Compiling walkdir v2.5.0
   Compiling unicode-normalization v0.1.25
   Compiling regex v1.12.3
   Compiling indexmap v2.14.0
   Compiling zerofrom-derive v0.1.7
   Compiling yoke-derive v0.8.2
   Compiling zerovec-derive v0.11.3
   Compiling displaydoc v0.2.5
   Compiling darling_macro v0.20.11
   Compiling cargo_toml v0.22.3
   Compiling cpufeatures v0.3.0
   Compiling chacha20 v0.10.0
   Compiling zerofrom v0.1.7
   Compiling unicode-bidi v0.3.18
   Compiling unicode-properties v0.1.4
   Compiling fixedbitset v0.5.7
   Compiling parking_lot_core v0.9.12
   Compiling yoke v0.8.2
   Compiling futures-sink v0.3.32
   Compiling futures-core v0.3.32
   Compiling zerovec v0.11.6
   Compiling zerotrie v0.2.4
   Compiling unicode-segmentation v1.13.2
   Compiling pin-project-lite v0.2.17
   Compiling stringprep v0.1.5
   Compiling petgraph v0.8.3
   Compiling darling v0.20.11
   Compiling rand v0.10.1
   Compiling convert_case v0.8.0
   Compiling tinystr v0.8.3
   Compiling potential_utf v0.1.5
   Compiling icu_locale_core v2.2.0
   Compiling icu_collections v2.2.0
   Compiling sha2 v0.11.0
   Compiling md-5 v0.11.0
   Compiling hmac v0.13.0
   Compiling cee-scape v0.2.0
   Compiling socket2 v0.6.3
   Compiling icu_provider v2.2.0
   Compiling mio v1.2.0
   Compiling icu_normalizer v2.2.0
   Compiling icu_properties v2.2.0
   Compiling num-traits v0.2.19
   Compiling indexmap v1.9.3
   Compiling unescape v0.1.0
   Compiling fallible-iterator v0.2.0
   Compiling siphasher v1.0.2
   Compiling scopeguard v1.2.0
   Compiling prettyplease_verus v0.2.29 (https://github.com/verus-lang/verus?rev=2e59154#2e591548)
   Compiling byteorder v1.5.0
   Compiling base64 v0.22.1
   Compiling radium v0.7.0
   Compiling lock_api v0.4.14
   Compiling postgres-protocol v0.6.12
   Compiling phf_shared v0.13.1
   Compiling idna_adapter v1.2.1
   Compiling idna v1.1.0
   Compiling pgrx-sql-entity-graph v0.18.0
   Compiling tokio v1.53.1
   Compiling url v2.5.8
   Compiling derive_builder_core v0.20.2
   Compiling pgrx-pg-config v0.18.0
   Compiling unicode-xid v0.2.6
   Compiling heck v0.5.0
   Compiling hashbrown v0.12.3
   Compiling pgrx-bindgen v0.18.0
   Compiling futures-task v0.3.32
   Compiling tap v1.0.1
   Compiling futures-util v0.3.32
   Compiling derive_builder_macro v0.20.2
   Compiling wyz v0.5.1
   Compiling strum_macros v0.27.2
   Compiling pgrx-pg-sys v0.18.0
   Compiling synstructure v0.13.0 (https://github.com/mystor/synstructure.git?rev=1079497eb2bea252433dac53afe41291d8779641#1079497e)
   Compiling postgres-types v0.2.14
   Compiling parking_lot v0.12.5
   Compiling phf v0.13.1
   Compiling futures-channel v0.3.32
   Compiling async-trait v0.1.89
   Compiling enum-map-derive v0.17.0
   Compiling whoami v2.1.1
   Compiling log v0.4.29
   Compiling vstd v0.1.0 (https://github.com/verus-lang/verus?rev=2e59154#2e591548)
   Compiling half v1.8.3
   Compiling funty v2.0.0
   Compiling iana-time-zone v0.1.65
   Compiling tokio-util v0.7.18
   Compiling chrono v0.4.45
   Compiling pgrx-macros v0.18.0
   Compiling bitvec v1.0.1
   Compiling serde_cbor v0.11.2
   Compiling tokio-postgres v0.7.18
   Compiling enum-map v2.7.3
   Compiling strum v0.27.2
   Compiling state_machines_macros v0.1.0 (https://github.com/verus-lang/verus?rev=2e59154#2e591548)
   Compiling builtin_macros v0.1.0 (https://github.com/verus-lang/verus?rev=2e59154#2e591548)
   Compiling derive_builder v0.20.2
   Compiling uuid v1.23.1
   Compiling pg_trickle v0.108.0 (/build)
   Compiling builtin v0.1.0 (https://github.com/verus-lang/verus?rev=2e59154#2e591548)
   Compiling seahash v4.1.0
   Compiling croner v3.0.1
   Compiling postgres v0.19.14
   Compiling lru v0.18.4
   Compiling xxhash-rust v0.8.18
   Compiling pgrx v0.18.0
    Finished `release` profile [optimized] target(s) in 2m 54s
[32m[1m  Discovered[0m[39m [36m[1m186[0m[39m SQL entities: [36m[1m1[0m[39m schemas ([36m[1m1[0m[39m unique), [36m[1m168[0m[39m functions, [36m[1m0[0m[39m types, [36m[1m0[0m[39m enums, [36m[1m17[0m[39m sqls, [36m[1m0[0m[39m ords, [36m[1m0[0m[39m hashes, [36m[1m0[0m[39m aggregates, [36m[1m0[0m[39m triggers
[32m[1m     Writing[0m[39m SQL entities to /tmp/pgt-light-target/release/pg_trickle-pg18/usr/share/postgresql/18/extension/pg_trickle--0.108.0.sql
Running light-E2E shard 1/1 with 1 test targets
  e2e_lsn_contract_tests
Light-E2E run id: light-e2e-74482-1790499885
Creating shared light-E2E PostgreSQL container...
PGT_ACTUAL_POSTGRESQL_VERSION=18.6 (Debian 18.6-1.pgdg13+2)
Shared container cf122be0b388 ready on port 53748
   Compiling pg_trickle v0.108.0 (/private/tmp/pg-trickle-issue-1097-candidate)
    Finished `test` profile [unoptimized + debuginfo] target(s) in 45.39s
────────────
 Nextest run ID e276e93a-7d27-4f87-803f-aa3ab735f570 with nextest profile: default
    Starting 4 tests across 1 binary
        PASS [   0.015s] (1/4) pg_trickle::e2e_lsn_contract_tests e2e::oracle::tests::schema_oracle_checks_names_typmods_and_collations
        PASS [   0.021s] (2/4) pg_trickle::e2e_lsn_contract_tests e2e::oracle::tests::schema_oracle_rejects_type_differences_by_default
        PASS [   0.022s] (3/4) pg_trickle::e2e_lsn_contract_tests e2e::oracle::tests::admission_classification_requires_structured_unsupported_reason
        PASS [   1.643s] (4/4) pg_trickle::e2e_lsn_contract_tests test_lsn_integrated_callers_preserve_valid_and_invalid_frontiers
────────────
     Summary [   1.646s] 4 tests run: 4 passed, 0 skipped
Cleaning up light-E2E containers for run light-e2e-74482-1790499885
