#0 building with "desktop-linux" instance using docker driver

#1 [internal] load build definition from Dockerfile.e2e-base-lite
#1 transferring dockerfile: 2.59kB done
#1 DONE 0.0s

#2 [internal] load metadata for docker.io/library/postgres:18.6
#2 DONE 0.0s

#3 [internal] load .dockerignore
#3 transferring context: 559B done
#3 DONE 0.0s

#4 [1/6] FROM docker.io/library/postgres:18.6@sha256:5a5a84b19854a9ffaa54082c166ff4ec27473a361e496e5ea167f298f2da9722
#4 resolve docker.io/library/postgres:18.6@sha256:5a5a84b19854a9ffaa54082c166ff4ec27473a361e496e5ea167f298f2da9722 0.0s done
#4 DONE 0.0s

#5 [internal] load build context
#5 transferring context: 15.15MB 0.2s done
#5 DONE 0.2s

#4 [1/6] FROM docker.io/library/postgres:18.6@sha256:5a5a84b19854a9ffaa54082c166ff4ec27473a361e496e5ea167f298f2da9722
#4 CACHED

#6 [2/6] COPY _e2e_pkg/ext/      /usr/share/postgresql/18/extension/
#6 DONE 0.1s

#7 [3/6] COPY _e2e_pkg/lib/      /usr/lib/postgresql/18/lib/
#7 DONE 0.0s

#8 [4/6] RUN echo "" >> /usr/share/postgresql/postgresql.conf.sample &&     echo "# pg_trickle E2E test configuration" >> /usr/share/postgresql/postgresql.conf.sample &&     echo "shared_preload_libraries = 'pg_trickle'" >> /usr/share/postgresql/postgresql.conf.sample &&     echo "track_commit_timestamp = on" >> /usr/share/postgresql/postgresql.conf.sample &&     echo "wal_level = logical" >> /usr/share/postgresql/postgresql.conf.sample &&     echo "max_replication_slots = 10" >> /usr/share/postgresql/postgresql.conf.sample &&     echo "max_worker_processes = 128" >> /usr/share/postgresql/postgresql.conf.sample
#8 DONE 0.1s

#9 [5/6] RUN ls -la /usr/share/postgresql/18/extension/pg_trickle* &&     ls -la /usr/lib/postgresql/18/lib/pg_trickle*
#9 0.142 -rw-r--r-- 1 root root    872 Sep 27 09:08 /usr/share/postgresql/18/extension/pg_trickle--0.100.0--0.101.0.sql
#9 0.142 -rw-r--r-- 1 root root  10680 Sep 27 09:08 /usr/share/postgresql/18/extension/pg_trickle--0.10.0--0.11.0.sql
#9 0.142 -rw-r--r-- 1 root root    275 Sep 27 09:08 /usr/share/postgresql/18/extension/pg_trickle--0.101.0--0.102.0.sql
#9 0.142 -rw-r--r-- 1 root root   1386 Sep 27 09:08 /usr/share/postgresql/18/extension/pg_trickle--0.102.0--0.103.0.sql
#9 0.142 -rw-r--r-- 1 root root    651 Sep 27 09:08 /usr/share/postgresql/18/extension/pg_trickle--0.103.0--0.104.0.sql
#9 0.142 -rw-r--r-- 1 root root    307 Sep 27 09:08 /usr/share/postgresql/18/extension/pg_trickle--0.104.0--0.105.0.sql
#9 0.142 -rw-r--r-- 1 root root    290 Sep 27 09:08 /usr/share/postgresql/18/extension/pg_trickle--0.105.0--0.105.1.sql
#9 0.142 -rw-r--r-- 1 root root    305 Sep 27 09:08 /usr/share/postgresql/18/extension/pg_trickle--0.105.1--0.105.2.sql
#9 0.142 -rw-r--r-- 1 root root    299 Sep 27 09:08 /usr/share/postgresql/18/extension/pg_trickle--0.105.2--0.105.3.sql
#9 0.142 -rw-r--r-- 1 root root    321 Sep 27 09:08 /usr/share/postgresql/18/extension/pg_trickle--0.105.3--0.106.0.sql
#9 0.142 -rw-r--r-- 1 root root    279 Sep 27 09:08 /usr/share/postgresql/18/extension/pg_trickle--0.106.0--0.106.1.sql
#9 0.142 -rw-r--r-- 1 root root    279 Sep 27 09:08 /usr/share/postgresql/18/extension/pg_trickle--0.106.1--0.107.0.sql
#9 0.142 -rw-r--r-- 1 root root   3101 Sep 27 09:08 /usr/share/postgresql/18/extension/pg_trickle--0.107.0--0.108.0.sql
#9 0.142 -rw-r--r-- 1 root root 179260 Sep 27 09:08 /usr/share/postgresql/18/extension/pg_trickle--0.108.0.sql
#9 0.142 -rw-r--r-- 1 root root   4337 Sep 27 09:08 /usr/share/postgresql/18/extension/pg_trickle--0.11.0--0.12.0.sql
#9 0.142 -rw-r--r-- 1 root root  12316 Sep 27 09:08 /usr/share/postgresql/18/extension/pg_trickle--0.12.0--0.13.0.sql
#9 0.142 -rw-r--r-- 1 root root   5392 Sep 27 09:08 /usr/share/postgresql/18/extension/pg_trickle--0.13.0--0.14.0.sql
#9 0.142 -rw-r--r-- 1 root root   5451 Sep 27 09:08 /usr/share/postgresql/18/extension/pg_trickle--0.1.3--0.2.0.sql
#9 0.142 -rw-r--r-- 1 root root   2415 Sep 27 09:08 /usr/share/postgresql/18/extension/pg_trickle--0.14.0--0.15.0.sql
#9 0.142 -rw-r--r-- 1 root root   1925 Sep 27 09:08 /usr/share/postgresql/18/extension/pg_trickle--0.15.0--0.16.0.sql
#9 0.142 -rw-r--r-- 1 root root    113 Sep 27 09:08 /usr/share/postgresql/18/extension/pg_trickle--0.16.0--0.17.0.sql
#9 0.142 -rw-r--r-- 1 root root   1187 Sep 27 09:08 /usr/share/postgresql/18/extension/pg_trickle--0.17.0--0.18.0.sql
#9 0.142 -rw-r--r-- 1 root root   4256 Sep 27 09:08 /usr/share/postgresql/18/extension/pg_trickle--0.18.0--0.19.0.sql
#9 0.142 -rw-r--r-- 1 root root   3675 Sep 27 09:08 /usr/share/postgresql/18/extension/pg_trickle--0.19.0--0.20.0.sql
#9 0.142 -rw-r--r-- 1 root root   9199 Sep 27 09:08 /usr/share/postgresql/18/extension/pg_trickle--0.20.0--0.21.0.sql
#9 0.142 -rw-r--r-- 1 root root   1346 Sep 27 09:08 /usr/share/postgresql/18/extension/pg_trickle--0.2.0--0.2.1.sql
#9 0.142 -rw-r--r-- 1 root root   3661 Sep 27 09:08 /usr/share/postgresql/18/extension/pg_trickle--0.21.0--0.22.0.sql
#9 0.142 -rw-r--r-- 1 root root   2289 Sep 27 09:08 /usr/share/postgresql/18/extension/pg_trickle--0.2.1--0.2.2.sql
#9 0.142 -rw-r--r-- 1 root root   1710 Sep 27 09:08 /usr/share/postgresql/18/extension/pg_trickle--0.22.0--0.23.0.sql
#9 0.142 -rw-r--r-- 1 root root   4966 Sep 27 09:08 /usr/share/postgresql/18/extension/pg_trickle--0.2.2--0.2.3.sql
#9 0.142 -rw-r--r-- 1 root root   3894 Sep 27 09:08 /usr/share/postgresql/18/extension/pg_trickle--0.23.0--0.24.0.sql
#9 0.142 -rw-r--r-- 1 root root   1360 Sep 27 09:08 /usr/share/postgresql/18/extension/pg_trickle--0.2.3--0.3.0.sql
#9 0.142 -rw-r--r-- 1 root root   3080 Sep 27 09:08 /usr/share/postgresql/18/extension/pg_trickle--0.24.0--0.25.0.sql
#9 0.142 -rw-r--r-- 1 root root   1877 Sep 27 09:08 /usr/share/postgresql/18/extension/pg_trickle--0.25.0--0.26.0.sql
#9 0.142 -rw-r--r-- 1 root root   7661 Sep 27 09:08 /usr/share/postgresql/18/extension/pg_trickle--0.26.0--0.27.0.sql
#9 0.142 -rw-r--r-- 1 root root  26413 Sep 27 09:08 /usr/share/postgresql/18/extension/pg_trickle--0.27.0--0.28.0.sql
#9 0.142 -rw-r--r-- 1 root root  17309 Sep 27 09:08 /usr/share/postgresql/18/extension/pg_trickle--0.28.0--0.29.0.sql
#9 0.142 -rw-r--r-- 1 root root    786 Sep 27 09:08 /usr/share/postgresql/18/extension/pg_trickle--0.29.0--0.30.0.sql
#9 0.142 -rw-r--r-- 1 root root   1924 Sep 27 09:08 /usr/share/postgresql/18/extension/pg_trickle--0.30.0--0.31.0.sql
#9 0.142 -rw-r--r-- 1 root root   3550 Sep 27 09:08 /usr/share/postgresql/18/extension/pg_trickle--0.3.0--0.4.0.sql
#9 0.142 -rw-r--r-- 1 root root  14428 Sep 27 09:08 /usr/share/postgresql/18/extension/pg_trickle--0.31.0--0.32.0.sql
#9 0.142 -rw-r--r-- 1 root root   9670 Sep 27 09:08 /usr/share/postgresql/18/extension/pg_trickle--0.32.0--0.33.0.sql
#9 0.142 -rw-r--r-- 1 root root   3718 Sep 27 09:08 /usr/share/postgresql/18/extension/pg_trickle--0.33.0--0.34.0.sql
#9 0.142 -rw-r--r-- 1 root root   3584 Sep 27 09:08 /usr/share/postgresql/18/extension/pg_trickle--0.34.0--0.35.0.sql
#9 0.142 -rw-r--r-- 1 root root   4928 Sep 27 09:08 /usr/share/postgresql/18/extension/pg_trickle--0.35.0--0.36.0.sql
#9 0.142 -rw-r--r-- 1 root root   2957 Sep 27 09:08 /usr/share/postgresql/18/extension/pg_trickle--0.36.0--0.37.0.sql
#9 0.142 -rw-r--r-- 1 root root    184 Sep 27 09:08 /usr/share/postgresql/18/extension/pg_trickle--0.37.0--0.38.0.sql
#9 0.142 -rw-r--r-- 1 root root   1485 Sep 27 09:08 /usr/share/postgresql/18/extension/pg_trickle--0.38.0--0.39.0.sql
#9 0.142 -rw-r--r-- 1 root root   1499 Sep 27 09:08 /usr/share/postgresql/18/extension/pg_trickle--0.39.0--0.40.0.sql
#9 0.142 -rw-r--r-- 1 root root  25968 Sep 27 09:08 /usr/share/postgresql/18/extension/pg_trickle--0.40.0--0.47.0.sql
#9 0.142 -rw-r--r-- 1 root root  31981 Sep 27 09:08 /usr/share/postgresql/18/extension/pg_trickle--0.40.0--0.48.0.sql
#9 0.142 -rw-r--r-- 1 root root  32631 Sep 27 09:08 /usr/share/postgresql/18/extension/pg_trickle--0.40.0--0.49.0.sql
#9 0.142 -rw-r--r-- 1 root root   5646 Sep 27 09:08 /usr/share/postgresql/18/extension/pg_trickle--0.4.0--0.5.0.sql
#9 0.142 -rw-r--r-- 1 root root  24658 Sep 27 09:08 /usr/share/postgresql/18/extension/pg_trickle--0.41.0--0.47.0.sql
#9 0.142 -rw-r--r-- 1 root root  30680 Sep 27 09:08 /usr/share/postgresql/18/extension/pg_trickle--0.41.0--0.48.0.sql
#9 0.142 -rw-r--r-- 1 root root  31330 Sep 27 09:08 /usr/share/postgresql/18/extension/pg_trickle--0.41.0--0.49.0.sql
#9 0.142 -rw-r--r-- 1 root root  23819 Sep 27 09:08 /usr/share/postgresql/18/extension/pg_trickle--0.42.0--0.47.0.sql
#9 0.142 -rw-r--r-- 1 root root  29850 Sep 27 09:08 /usr/share/postgresql/18/extension/pg_trickle--0.42.0--0.48.0.sql
#9 0.142 -rw-r--r-- 1 root root  30500 Sep 27 09:08 /usr/share/postgresql/18/extension/pg_trickle--0.42.0--0.49.0.sql
#9 0.142 -rw-r--r-- 1 root root  21683 Sep 27 09:08 /usr/share/postgresql/18/extension/pg_trickle--0.43.0--0.47.0.sql
#9 0.142 -rw-r--r-- 1 root root  27723 Sep 27 09:08 /usr/share/postgresql/18/extension/pg_trickle--0.43.0--0.48.0.sql
#9 0.142 -rw-r--r-- 1 root root  28373 Sep 27 09:08 /usr/share/postgresql/18/extension/pg_trickle--0.43.0--0.49.0.sql
#9 0.142 -rw-r--r-- 1 root root  19542 Sep 27 09:08 /usr/share/postgresql/18/extension/pg_trickle--0.44.0--0.47.0.sql
#9 0.142 -rw-r--r-- 1 root root  25591 Sep 27 09:08 /usr/share/postgresql/18/extension/pg_trickle--0.44.0--0.48.0.sql
#9 0.142 -rw-r--r-- 1 root root  26241 Sep 27 09:08 /usr/share/postgresql/18/extension/pg_trickle--0.44.0--0.49.0.sql
#9 0.142 -rw-r--r-- 1 root root  10133 Sep 27 09:08 /usr/share/postgresql/18/extension/pg_trickle--0.45.0--0.46.0.sql
#9 0.142 -rw-r--r-- 1 root root   4987 Sep 27 09:08 /usr/share/postgresql/18/extension/pg_trickle--0.46.0--0.47.0.sql
#9 0.142 -rw-r--r-- 1 root root  11148 Sep 27 09:08 /usr/share/postgresql/18/extension/pg_trickle--0.46.0--0.48.0.sql
#9 0.142 -rw-r--r-- 1 root root  11798 Sep 27 09:08 /usr/share/postgresql/18/extension/pg_trickle--0.46.0--0.49.0.sql
#9 0.142 -rw-r--r-- 1 root root   6065 Sep 27 09:08 /usr/share/postgresql/18/extension/pg_trickle--0.47.0--0.48.0.sql
#9 0.142 -rw-r--r-- 1 root root   6715 Sep 27 09:08 /usr/share/postgresql/18/extension/pg_trickle--0.47.0--0.49.0.sql
#9 0.142 -rw-r--r-- 1 root root    650 Sep 27 09:08 /usr/share/postgresql/18/extension/pg_trickle--0.48.0--0.49.0.sql
#9 0.142 -rw-r--r-- 1 root root    571 Sep 27 09:08 /usr/share/postgresql/18/extension/pg_trickle--0.49.0--0.49.1.sql
#9 0.142 -rw-r--r-- 1 root root   1581 Sep 27 09:08 /usr/share/postgresql/18/extension/pg_trickle--0.49.1--0.50.0.sql
#9 0.142 -rw-r--r-- 1 root root   1173 Sep 27 09:08 /usr/share/postgresql/18/extension/pg_trickle--0.50.0--0.51.0.sql
#9 0.142 -rw-r--r-- 1 root root   2194 Sep 27 09:08 /usr/share/postgresql/18/extension/pg_trickle--0.5.0--0.6.0.sql
#9 0.142 -rw-r--r-- 1 root root   1003 Sep 27 09:08 /usr/share/postgresql/18/extension/pg_trickle--0.51.0--0.52.0.sql
#9 0.142 -rw-r--r-- 1 root root    997 Sep 27 09:08 /usr/share/postgresql/18/extension/pg_trickle--0.52.0--0.53.0.sql
#9 0.142 -rw-r--r-- 1 root root    747 Sep 27 09:08 /usr/share/postgresql/18/extension/pg_trickle--0.53.0--0.54.0.sql
#9 0.142 -rw-r--r-- 1 root root    826 Sep 27 09:08 /usr/share/postgresql/18/extension/pg_trickle--0.54.0--0.55.0.sql
#9 0.142 -rw-r--r-- 1 root root   1161 Sep 27 09:08 /usr/share/postgresql/18/extension/pg_trickle--0.55.0--0.56.0.sql
#9 0.142 -rw-r--r-- 1 root root   1401 Sep 27 09:08 /usr/share/postgresql/18/extension/pg_trickle--0.56.0--0.57.0.sql
#9 0.142 -rw-r--r-- 1 root root   1424 Sep 27 09:08 /usr/share/postgresql/18/extension/pg_trickle--0.57.0--0.58.0.sql
#9 0.142 -rw-r--r-- 1 root root    844 Sep 27 09:08 /usr/share/postgresql/18/extension/pg_trickle--0.58.0--0.59.0.sql
#9 0.142 -rw-r--r-- 1 root root    227 Sep 27 09:08 /usr/share/postgresql/18/extension/pg_trickle--0.59.0--0.60.0.sql
#9 0.142 -rw-r--r-- 1 root root    296 Sep 27 09:08 /usr/share/postgresql/18/extension/pg_trickle--0.60.0--0.61.0.sql
#9 0.142 -rw-r--r-- 1 root root   4804 Sep 27 09:08 /usr/share/postgresql/18/extension/pg_trickle--0.6.0--0.7.0.sql
#9 0.142 -rw-r--r-- 1 root root   3393 Sep 27 09:08 /usr/share/postgresql/18/extension/pg_trickle--0.61.0--0.62.0.sql
#9 0.142 -rw-r--r-- 1 root root   1273 Sep 27 09:08 /usr/share/postgresql/18/extension/pg_trickle--0.62.0--0.63.0.sql
#9 0.142 -rw-r--r-- 1 root root   1375 Sep 27 09:08 /usr/share/postgresql/18/extension/pg_trickle--0.63.0--0.64.0.sql
#9 0.142 -rw-r--r-- 1 root root   3245 Sep 27 09:08 /usr/share/postgresql/18/extension/pg_trickle--0.64.0--0.65.0.sql
#9 0.142 -rw-r--r-- 1 root root   8457 Sep 27 09:08 /usr/share/postgresql/18/extension/pg_trickle--0.65.0--0.66.0.sql
#9 0.142 -rw-r--r-- 1 root root   3597 Sep 27 09:08 /usr/share/postgresql/18/extension/pg_trickle--0.66.0--0.67.0.sql
#9 0.142 -rw-r--r-- 1 root root   1684 Sep 27 09:08 /usr/share/postgresql/18/extension/pg_trickle--0.67.0--0.68.0.sql
#9 0.142 -rw-r--r-- 1 root root   3558 Sep 27 09:08 /usr/share/postgresql/18/extension/pg_trickle--0.68.0--0.69.0.sql
#9 0.142 -rw-r--r-- 1 root root   3690 Sep 27 09:08 /usr/share/postgresql/18/extension/pg_trickle--0.69.0--0.70.0.sql
#9 0.142 -rw-r--r-- 1 root root   1117 Sep 27 09:08 /usr/share/postgresql/18/extension/pg_trickle--0.70.0--0.71.0.sql
#9 0.142 -rw-r--r-- 1 root root    116 Sep 27 09:08 /usr/share/postgresql/18/extension/pg_trickle--0.7.0--0.8.0.sql
#9 0.142 -rw-r--r-- 1 root root   2741 Sep 27 09:08 /usr/share/postgresql/18/extension/pg_trickle--0.71.0--0.72.0.sql
#9 0.142 -rw-r--r-- 1 root root   7181 Sep 27 09:08 /usr/share/postgresql/18/extension/pg_trickle--0.72.0--0.73.0.sql
#9 0.142 -rw-r--r-- 1 root root   1357 Sep 27 09:08 /usr/share/postgresql/18/extension/pg_trickle--0.73.0--0.74.0.sql
#9 0.142 -rw-r--r-- 1 root root    954 Sep 27 09:08 /usr/share/postgresql/18/extension/pg_trickle--0.74.0--0.75.0.sql
#9 0.142 -rw-r--r-- 1 root root   4566 Sep 27 09:08 /usr/share/postgresql/18/extension/pg_trickle--0.75.0--0.76.0.sql
#9 0.142 -rw-r--r-- 1 root root   1724 Sep 27 09:08 /usr/share/postgresql/18/extension/pg_trickle--0.76.0--0.77.0.sql
#9 0.142 -rw-r--r-- 1 root root   3411 Sep 27 09:08 /usr/share/postgresql/18/extension/pg_trickle--0.77.0--0.78.0.sql
#9 0.142 -rw-r--r-- 1 root root   5708 Sep 27 09:08 /usr/share/postgresql/18/extension/pg_trickle--0.78.0--0.79.0.sql
#9 0.142 -rw-r--r-- 1 root root   3050 Sep 27 09:08 /usr/share/postgresql/18/extension/pg_trickle--0.79.0--0.80.0.sql
#9 0.142 -rw-r--r-- 1 root root   6934 Sep 27 09:08 /usr/share/postgresql/18/extension/pg_trickle--0.80.0--0.81.0.sql
#9 0.142 -rw-r--r-- 1 root root    800 Sep 27 09:08 /usr/share/postgresql/18/extension/pg_trickle--0.8.0--0.9.0.sql
#9 0.142 -rw-r--r-- 1 root root   3957 Sep 27 09:08 /usr/share/postgresql/18/extension/pg_trickle--0.81.0--0.81.1.sql
#9 0.142 -rw-r--r-- 1 root root   6011 Sep 27 09:08 /usr/share/postgresql/18/extension/pg_trickle--0.81.1--0.82.0.sql
#9 0.142 -rw-r--r-- 1 root root   4909 Sep 27 09:08 /usr/share/postgresql/18/extension/pg_trickle--0.82.0--0.83.0.sql
#9 0.142 -rw-r--r-- 1 root root  15514 Sep 27 09:08 /usr/share/postgresql/18/extension/pg_trickle--0.83.0--0.84.0.sql
#9 0.143 -rw-r--r-- 1 root root   4579 Sep 27 09:08 /usr/share/postgresql/18/extension/pg_trickle--0.84.0--0.85.0.sql
#9 0.143 -rw-r--r-- 1 root root   8945 Sep 27 09:08 /usr/share/postgresql/18/extension/pg_trickle--0.85.0--0.86.0.sql
#9 0.143 -rw-r--r-- 1 root root    458 Sep 27 09:08 /usr/share/postgresql/18/extension/pg_trickle--0.86.0--0.87.0.sql
#9 0.143 -rw-r--r-- 1 root root    158 Sep 27 09:08 /usr/share/postgresql/18/extension/pg_trickle--0.87.0--0.87.1.sql
#9 0.143 -rw-r--r-- 1 root root   1442 Sep 27 09:08 /usr/share/postgresql/18/extension/pg_trickle--0.87.10--0.87.11.sql
#9 0.143 -rw-r--r-- 1 root root    164 Sep 27 09:08 /usr/share/postgresql/18/extension/pg_trickle--0.87.1--0.87.2.sql
#9 0.143 -rw-r--r-- 1 root root   4346 Sep 27 09:08 /usr/share/postgresql/18/extension/pg_trickle--0.87.11--0.87.12.sql
#9 0.143 -rw-r--r-- 1 root root   2828 Sep 27 09:08 /usr/share/postgresql/18/extension/pg_trickle--0.87.12--0.87.13.sql
#9 0.143 -rw-r--r-- 1 root root    189 Sep 27 09:08 /usr/share/postgresql/18/extension/pg_trickle--0.87.13--0.87.14.sql
#9 0.143 -rw-r--r-- 1 root root    462 Sep 27 09:08 /usr/share/postgresql/18/extension/pg_trickle--0.87.14--0.87.15.sql
#9 0.143 -rw-r--r-- 1 root root   1158 Sep 27 09:08 /usr/share/postgresql/18/extension/pg_trickle--0.87.15--0.87.16.sql
#9 0.143 -rw-r--r-- 1 root root  18140 Sep 27 09:08 /usr/share/postgresql/18/extension/pg_trickle--0.87.16--0.87.17.sql
#9 0.143 -rw-r--r-- 1 root root    651 Sep 27 09:08 /usr/share/postgresql/18/extension/pg_trickle--0.87.17--0.88.0.sql
#9 0.143 -rw-r--r-- 1 root root    159 Sep 27 09:08 /usr/share/postgresql/18/extension/pg_trickle--0.87.2--0.87.3.sql
#9 0.143 -rw-r--r-- 1 root root    168 Sep 27 09:08 /usr/share/postgresql/18/extension/pg_trickle--0.87.3--0.87.4.sql
#9 0.143 -rw-r--r-- 1 root root    167 Sep 27 09:08 /usr/share/postgresql/18/extension/pg_trickle--0.87.4--0.87.5.sql
#9 0.143 -rw-r--r-- 1 root root    180 Sep 27 09:08 /usr/share/postgresql/18/extension/pg_trickle--0.87.5--0.87.6.sql
#9 0.143 -rw-r--r-- 1 root root   1845 Sep 27 09:08 /usr/share/postgresql/18/extension/pg_trickle--0.87.6--0.87.7.sql
#9 0.143 -rw-r--r-- 1 root root    294 Sep 27 09:08 /usr/share/postgresql/18/extension/pg_trickle--0.87.7--0.87.8.sql
#9 0.143 -rw-r--r-- 1 root root   2337 Sep 27 09:08 /usr/share/postgresql/18/extension/pg_trickle--0.87.8--0.87.9.sql
#9 0.143 -rw-r--r-- 1 root root   6527 Sep 27 09:08 /usr/share/postgresql/18/extension/pg_trickle--0.87.9--0.87.10.sql
#9 0.143 -rw-r--r-- 1 root root   1508 Sep 27 09:08 /usr/share/postgresql/18/extension/pg_trickle--0.88.0--0.89.0.sql
#9 0.143 -rw-r--r-- 1 root root  10202 Sep 27 09:08 /usr/share/postgresql/18/extension/pg_trickle--0.89.0--0.90.0.sql
#9 0.143 -rw-r--r-- 1 root root    961 Sep 27 09:08 /usr/share/postgresql/18/extension/pg_trickle--0.90.0--0.91.0.sql
#9 0.143 -rw-r--r-- 1 root root   4898 Sep 27 09:08 /usr/share/postgresql/18/extension/pg_trickle--0.9.0--0.10.0.sql
#9 0.143 -rw-r--r-- 1 root root   3214 Sep 27 09:08 /usr/share/postgresql/18/extension/pg_trickle--0.91.0--0.92.0.sql
#9 0.143 -rw-r--r-- 1 root root  11232 Sep 27 09:08 /usr/share/postgresql/18/extension/pg_trickle--0.92.0--0.93.0.sql
#9 0.143 -rw-r--r-- 1 root root    946 Sep 27 09:08 /usr/share/postgresql/18/extension/pg_trickle--0.93.0--0.94.0.sql
#9 0.143 -rw-r--r-- 1 root root   7348 Sep 27 09:08 /usr/share/postgresql/18/extension/pg_trickle--0.94.0--0.95.0.sql
#9 0.143 -rw-r--r-- 1 root root   4425 Sep 27 09:08 /usr/share/postgresql/18/extension/pg_trickle--0.95.0--0.96.0.sql
#9 0.143 -rw-r--r-- 1 root root    369 Sep 27 09:08 /usr/share/postgresql/18/extension/pg_trickle--0.96.0--0.97.0.sql
#9 0.143 -rw-r--r-- 1 root root   1397 Sep 27 09:08 /usr/share/postgresql/18/extension/pg_trickle--0.97.0--0.98.0.sql
#9 0.143 -rw-r--r-- 1 root root    200 Sep 27 09:08 /usr/share/postgresql/18/extension/pg_trickle--0.98.0--0.98.1.sql
#9 0.143 -rw-r--r-- 1 root root    188 Sep 27 09:08 /usr/share/postgresql/18/extension/pg_trickle--0.98.1--0.99.0.sql
#9 0.143 -rw-r--r-- 1 root root    187 Sep 27 09:08 /usr/share/postgresql/18/extension/pg_trickle--0.99.0--0.100.0.sql
#9 0.143 -rw-r--r-- 1 root root    205 Sep 27 09:08 /usr/share/postgresql/18/extension/pg_trickle.control
#9 0.168 -rwxr-xr-x 1 root root 14067600 Sep 27 09:08 /usr/lib/postgresql/18/lib/pg_trickle.so
#9 DONE 0.2s

#10 [6/6] RUN echo "CREATE EXTENSION IF NOT EXISTS pg_trickle CASCADE;"     > /docker-entrypoint-initdb.d/00-create-pg-trickle.sql
#10 DONE 0.1s

#11 exporting to image
#11 exporting layers
#11 exporting layers 0.4s done
#11 exporting manifest sha256:5074c13741b47b4ee182208001d4260c6999efcde0a135a124d849addcc3ae25 done
#11 exporting config sha256:c54454174dfd242510603153c1ac814441a94a169f16a1ba8b72e27e90470e08 done
#11 exporting attestation manifest sha256:bd3495eefd99d732aa16f4b765423aefd633a5b0c781128558e7edf2fd1cd76a done
#11 exporting manifest list sha256:3e9fb5b519a4ac8cfb6b5377b3e501dff5d8395d545bf26eae8abdf8692ef7c0 done
#11 naming to docker.io/library/pg_trickle_e2e:latest done
#11 DONE 0.4s
WARNING: current commit information was not captured by the build: failed to get git commit: git stderr:
error: Could not read 20c1476b6a8ad4a57cfc5441069f333afc110511
fatal: unable to parse commit 20c1476b6a8ad4a57cfc5441069f333afc110511
: exit status 128
