cargo fmt -- --check
cargo clippy --all-targets --features pg18 -- -D warnings
    Checking pg_trickle v0.108.0 (/Users/grove/projects/pg-trickle2)
error: unused variable: `old_value`
   --> src/../verification/lsn.rs:374:17
    |
374 |             let old_value = high_value;
    |                 ^^^^^^^^^ help: if this is intentional, prefix it with an underscore: `_old_value`
    |
    = note: `-D unused-variables` implied by `-D warnings`
    = help: to override `-D warnings` add `#[allow(unused_variables)]`

error: unused variable: `old_digits`
   --> src/../verification/lsn.rs:375:17
    |
375 |             let old_digits = high_digits;
    |                 ^^^^^^^^^^ help: if this is intentional, prefix it with an underscore: `_old_digits`

error: unused variable: `old_value`
   --> src/../verification/lsn.rs:454:13
    |
454 |         let old_value = low_value;
    |             ^^^^^^^^^ help: if this is intentional, prefix it with an underscore: `_old_value`

error: unused variable: `old_index`
   --> src/../verification/lsn.rs:455:13
    |
455 |         let old_index = index;
    |             ^^^^^^^^^ help: if this is intentional, prefix it with an underscore: `_old_index`

error: could not compile `pg_trickle` (lib) due to 4 previous errors
warning: build failed, waiting for other jobs to finish...
error: could not compile `pg_trickle` (lib test) due to 4 previous errors
error: recipe `clippy` failed on line 56 with exit code 101
