cargo fmt -- --check
cargo clippy --all-targets --features pg18 -- -D warnings
    Checking pg_trickle v0.108.0 (/Users/grove/projects/pg-trickle2)
error: The Verus types 'nat' and 'int' can only be used in ghost code (e.g., in a 'spec' or 'proof' function, inside a 'proof' block, or when assigning to a 'ghost' or 'tracked' variable)
   --> src/../verification/lsn.rs:378:51
    |
378 |                 let suffix = buffer@.subrange(8 - high_digits as int, 8);
    |                                                   ^^^^^^^^^^^

error[E0599]: no method named `view` found for array `[u8; 17]` in the current scope
   --> src/../verification/lsn.rs:378:36
    |
378 |                 let suffix = buffer@.subrange(8 - high_digits as int, 8);
    |                                    ^ method not found in `[u8; 17]`

error[E0425]: cannot find function `hex_value_bound` in this scope
   --> src/../verification/lsn.rs:379:17
    |
379 |                 hex_value_bound(suffix);
    |                 ^^^^^^^^^^^^^^^ not found in this scope

Some errors have detailed explanations: E0425, E0599.
For more information about an error, try `rustc --explain E0425`.
error: could not compile `pg_trickle` (lib) due to 3 previous errors
warning: build failed, waiting for other jobs to finish...
error: could not compile `pg_trickle` (lib test) due to 3 previous errors
error: recipe `clippy` failed on line 56 with exit code 101
