cargo fmt -- --check
cargo clippy --all-targets --features pg18 -- -D warnings
    Checking pg_trickle v0.108.0 (/Users/grove/projects/pg-trickle2)
error: variable `leading_digit` is assigned to, but never used
   --> src/../verification/lsn.rs:380:13
    |
380 |         let mut leading_digit = 0_u8;
    |             ^^^^^^^^^^^^^^^^^
    |
    = note: consider using `_leading_digit` instead
    = note: `-D unused-variables` implied by `-D warnings`
    = help: to override `-D warnings` add `#[allow(unused_variables)]`

error: value assigned to `leading_digit` is never read
   --> src/../verification/lsn.rs:456:13
    |
456 |             leading_digit = digit_byte;
    |             ^^^^^^^^^^^^^^^^^^^^^^^^^^
    |
    = help: maybe it is overwritten before being read?
    = note: `-D unused-assignments` implied by `-D warnings`
    = help: to override `-D warnings` add `#[allow(unused_assignments)]`

error: could not compile `pg_trickle` (lib) due to 2 previous errors
warning: build failed, waiting for other jobs to finish...
error: could not compile `pg_trickle` (lib test) due to 2 previous errors
error: recipe `clippy` failed on line 56 with exit code 101
