cargo fmt -- --check
cargo clippy --all-targets --features pg18 -- -D warnings
    Checking pg_trickle v0.108.0 (/Users/grove/projects/pg-trickle2)
error: The Verus types 'nat' and 'int' can only be used in ghost code (e.g., in a 'spec' or 'proof' function, inside a 'proof' block, or when assigning to a 'ghost' or 'tracked' variable)
   --> src/../verification/lsn.rs:519:41
    |
519 |         let prefix = value@.subrange(0, length as int);
    |                                         ^^^^^^

error: The Verus types 'nat' and 'int' can only be used in ghost code (e.g., in a 'spec' or 'proof' function, inside a 'proof' block, or when assigning to a 'ghost' or 'tracked' variable)
   --> src/../verification/lsn.rs:520:45
    |
520 |         let high_bytes = prefix.subrange(0, separator as int);
    |                                             ^^^^^^^^^

error: The Verus types 'nat' and 'int' can only be used in ghost code (e.g., in a 'spec' or 'proof' function, inside a 'proof' block, or when assigning to a 'ghost' or 'tracked' variable)
   --> src/../verification/lsn.rs:521:41
    |
521 |         let low_bytes = prefix.subrange(separator as int + 1, prefix.len() as int);
    |                                         ^^^^^^^^^

error: The Verus types 'nat' and 'int' can only be used in ghost code (e.g., in a 'spec' or 'proof' function, inside a 'proof' block, or when assigning to a 'ghost' or 'tracked' variable)
   --> src/../verification/lsn.rs:521:63
    |
521 |         let low_bytes = prefix.subrange(separator as int + 1, prefix.len() as int);
    |                                                               ^^^^^^

error[E0599]: no method named `view` found for reference `&[u8]` in the current scope
   --> src/../verification/lsn.rs:519:27
    |
519 |         let prefix = value@.subrange(0, length as int);
    |                           ^ method not found in `&[u8]`

For more information about this error, try `rustc --explain E0599`.
error: could not compile `pg_trickle` (lib) due to 5 previous errors
warning: build failed, waiting for other jobs to finish...
error: could not compile `pg_trickle` (lib test) due to 5 previous errors
error: recipe `clippy` failed on line 56 with exit code 101
