cargo fmt -- --check
cargo clippy --all-targets --features pg18 -- -D warnings
    Checking pg_trickle v0.108.0 (/Users/grove/projects/pg-trickle2)
error: The Verus types 'nat' and 'int' can only be used in ghost code (e.g., in a 'spec' or 'proof' function, inside a 'proof' block, or when assigning to a 'ghost' or 'tracked' variable)
   --> src/../verification/lsn.rs:376:51
    |
376 |             let old_suffix = buffer@.subrange(8 - high_digits as int, 8);
    |                                                   ^^^^^^^^^^^

error: The Verus types 'nat' and 'int' can only be used in ghost code (e.g., in a 'spec' or 'proof' function, inside a 'proof' block, or when assigning to a 'ghost' or 'tracked' variable)
   --> src/../verification/lsn.rs:457:13
    |
457 |             high_digits as int + 9 - index as int,
    |             ^^^^^^^^^^^

error: The Verus types 'nat' and 'int' can only be used in ghost code (e.g., in a 'spec' or 'proof' function, inside a 'proof' block, or when assigning to a 'ghost' or 'tracked' variable)
   --> src/../verification/lsn.rs:457:38
    |
457 |             high_digits as int + 9 - index as int,
    |                                      ^^^^^

error: The Verus types 'nat' and 'int' can only be used in ghost code (e.g., in a 'spec' or 'proof' function, inside a 'proof' block, or when assigning to a 'ghost' or 'tracked' variable)
   --> src/../verification/lsn.rs:458:13
    |
458 |             high_digits as int + 9,
    |             ^^^^^^^^^^^

error[E0599]: no method named `view` found for array `[u8; 17]` in the current scope
   --> src/../verification/lsn.rs:376:36
    |
376 |             let old_suffix = buffer@.subrange(8 - high_digits as int, 8);
    |                                    ^ method not found in `[u8; 17]`

error[E0599]: no method named `view` found for array `[u8; 17]` in the current scope
   --> src/../verification/lsn.rs:456:32
    |
456 |         let old_suffix = buffer@.subrange(
    |                                ^ method not found in `[u8; 17]`

For more information about this error, try `rustc --explain E0599`.
error: could not compile `pg_trickle` (lib) due to 6 previous errors
warning: build failed, waiting for other jobs to finish...
error: could not compile `pg_trickle` (lib test) due to 6 previous errors
error: recipe `clippy` failed on line 56 with exit code 101
