cargo fmt -- --check
cargo clippy --all-targets --features pg18 -- -D warnings
    Checking pg_trickle v0.108.0 (/Users/grove/projects/pg-trickle2)
error: expected `,`
   --> src/../verification/lsn.rs:611:43
    |
611 |         assert(high_digits as int < output.len() - 1);
    |                                           ^

error: unused import: `super::*`
   --> src/../verification/lsn.rs:888:9
    |
888 |     use super::*;
    |         ^^^^^^^^
    |
    = note: `-D unused-imports` implied by `-D warnings`
    = help: to override `-D warnings` add `#[allow(unused_imports)]`

error[E0433]: cannot find type `Lsn` in this scope
   --> src/../verification/lsn.rs:904:21
    |
904 |             assert!(Lsn::parse(value).is_err(), "accepted {value:?}");
    |                     ^^^ use of undeclared type `Lsn`

error[E0433]: cannot find type `Lsn` in this scope
   --> src/../verification/lsn.rs:907:13
    |
907 |             Lsn::parse("FFFFFFFF/FFFFFFFF").unwrap().position(),
    |             ^^^ use of undeclared type `Lsn`

error[E0433]: cannot find type `Lsn` in this scope
   --> src/../verification/lsn.rs:915:29
    |
915 |             let formatted = Lsn::from_position(value).format();
    |                             ^^^ use of undeclared type `Lsn`

error[E0433]: cannot find type `Lsn` in this scope
   --> src/../verification/lsn.rs:916:24
    |
916 |             assert_eq!(Lsn::parse(&formatted).unwrap().position(), value);
    |                        ^^^ use of undeclared type `Lsn`

error[E0433]: cannot find type `Lsn` in this scope
   --> src/../verification/lsn.rs:918:20
    |
918 |         assert_eq!(Lsn::from_position(0).format(), "0/00000000");
    |                    ^^^ use of undeclared type `Lsn`

error[E0433]: cannot find type `Lsn` in this scope
   --> src/../verification/lsn.rs:919:20
    |
919 |         assert_eq!(Lsn::from_position(1_u64 << 32).format(), "1/00000000");
    |                    ^^^ use of undeclared type `Lsn`

error[E0433]: cannot find type `Lsn` in this scope
   --> src/../verification/lsn.rs:920:20
    |
920 |         assert_eq!(Lsn::from_position(u64::MAX).format(), "FFFFFFFF/FFFFFFFF");
    |                    ^^^ use of undeclared type `Lsn`

error[E0433]: cannot find type `Lsn` in this scope
   --> src/../verification/lsn.rs:926:29
    |
926 |             let formatted = Lsn::from_position(position).format();
    |                             ^^^ use of undeclared type `Lsn`

error[E0433]: cannot find type `Lsn` in this scope
   --> src/../verification/lsn.rs:927:29
    |
927 |             prop_assert_eq!(Lsn::parse(&formatted).map(Lsn::position), Ok(position));
    |                             ^^^ use of undeclared type `Lsn`

error[E0433]: cannot find type `Lsn` in this scope
   --> src/../verification/lsn.rs:927:56
    |
927 |             prop_assert_eq!(Lsn::parse(&formatted).map(Lsn::position), Ok(position));
    |                                                        ^^^ use of undeclared type `Lsn`

error: could not compile `pg_trickle` (lib) due to 1 previous error
warning: build failed, waiting for other jobs to finish...
For more information about this error, try `rustc --explain E0433`.
error: could not compile `pg_trickle` (lib test) due to 12 previous errors
error: recipe `clippy` failed on line 56 with exit code 101
