note: function body check: not all errors may have been reported; rerun with a higher value for --multiple-errors to find other potential errors in this function
   --> .p2p/tmp/lsn-semantic-mutant.rs:325:1
    |
325 | pub fn pack_halves(high: u64, low: u64) -> (position: u64)
    | ^^^^^^^^^^^^^^^^^^^^^^^^^^^^^^^^^^^^^^^^^^^^^^^^^^^^^^^^^

error: postcondition not satisfied
   --> .p2p/tmp/lsn-semantic-mutant.rs:327:13
    |
327 |     ensures position as int == high as int * 4294967296 + low as int
    |             ^^^^^^^^^^^^^^^^^^^^^^^^^^^^^^^^^^^^^^^^^^^^^^^^^^^^^^^^ failed this postcondition
328 | {
329 |     high * 4_294_967_296_u64 + (low + 1)
    |     ------------------------------------ at the end of the function body

error: possible arithmetic underflow/overflow
   --> .p2p/tmp/lsn-semantic-mutant.rs:329:5
    |
329 |     high * 4_294_967_296_u64 + (low + 1)
    |     ^^^^^^^^^^^^^^^^^^^^^^^^^^^^^^^^^^^^

verification results:: 43 verified, 1 errors
error: aborting due to 2 previous errors

