source_sha256=4959b8004d8300cd037335c63a913e7614075fe6e010bf96b685fc312742f469
exit_code=1

error: postcondition not satisfied
   --> .p2p/tmp/lsn-multiple-errors.rs:287:9
    |
287 |         forall|index: int| 0 <= index < formatted.1 ==> formatted.0@[index] < 128,
    |         ^^^^^^^^^^^^^^^^^^^^^^^^^^^^^^^^^^^^^^^^^^^^^^^^^^^^^^^^^^^^^^^^^^^^^^^^^ failed this postcondition
...
392 |     (buffer, high_digits + 9)
    |     ------------------------- at the end of the function body

error: postcondition not satisfied
   --> .p2p/tmp/lsn-multiple-errors.rs:288:9
    |
288 | /         forall|index: int| 0 <= index < formatted.1
289 | |             ==> formatted.0@[index] == 0x2Fu8 || uppercase_hex_byte(formatted.0@[index]),
    | |________________________________________________________________________________________^ failed this postcondition
...
392 |       (buffer, high_digits + 9)
    |       ------------------------- at the end of the function body

error: postcondition not satisfied
   --> .p2p/tmp/lsn-multiple-errors.rs:290:9
    |
290 |         formatted.0@[formatted.1 as int - 9] == 0x2Fu8,
    |         ^^^^^^^^^^^^^^^^^^^^^^^^^^^^^^^^^^^^^^^^^^^^^^ failed this postcondition
...
392 |     (buffer, high_digits + 9)
    |     ------------------------- at the end of the function body

error: postcondition not satisfied
   --> .p2p/tmp/lsn-multiple-errors.rs:291:9
    |
291 | /         (position >> 32 == 0 ==> formatted.1 == 10)
292 | |             && (position >> 32 != 0 ==> formatted.0@[0] != 0x30u8),
    | |__________________________________________________________________^ failed this postcondition
...
392 |       (buffer, high_digits + 9)
    |       ------------------------- at the end of the function body

error: postcondition not satisfied
   --> .p2p/tmp/lsn-multiple-errors.rs:293:9
    |
293 |         valid_lsn_bytes(formatted.0@.subrange(0, formatted.1 as int)),
    |         ^^^^^^^^^^^^^^^^^^^^^^^^^^^^^^^^^^^^^^^^^^^^^^^^^^^^^^^^^^^^^ failed this postcondition
...
392 |     (buffer, high_digits + 9)
    |     ------------------------- at the end of the function body

error: postcondition not satisfied
   --> .p2p/tmp/lsn-multiple-errors.rs:294:9
    |
294 |         lsn_bytes_value(formatted.0@.subrange(0, formatted.1 as int)) == position as int
    |         ^^^^^^^^^^^^^^^^^^^^^^^^^^^^^^^^^^^^^^^^^^^^^^^^^^^^^^^^^^^^^^^^^^^^^^^^^^^^^^^^ failed this postcondition
...
392 |     (buffer, high_digits + 9)
    |     ------------------------- at the end of the function body

note: recommendation not met: value may be out of range of the target type (use `#[verifier::truncate]` on the cast to silence this warning)
   --> .p2p/tmp/lsn-multiple-errors.rs:296:16
    |
296 |     let high = (position >> 32) as u32;
    |                ^^^^^^^^^^^^^^^^

error: assertion failed
   --> .p2p/tmp/lsn-multiple-errors.rs:317:24
    |
317 |                 assert(high_value as int * pow16(high_digits as int) >= 4294967296);
    |                        ^^^^^^^^^^^^^^^^^^^^^^^^^^^^^^^^^^^^^^^^^^^^^^^^^^^^^^^^^^^ assertion failed

error: assertion failed
   --> .p2p/tmp/lsn-multiple-errors.rs:335:21
    |
335 | /                     next_value as int * pow16((high_digits + 1) as int)
336 | |                         <= high_value as int * pow16(high_digits as int)
    | |________________________________________________________________________^ assertion failed

verification results:: 29 verified, 2 errors
error: aborting due to 8 previous errors

