note: function body check: not all errors may have been reported; rerun with a higher value for --multiple-errors to find other potential errors in this function
   --> verification/lsn.rs:283:1
    |
283 | pub fn format_bytes(position: u64) -> (formatted: ([u8; 17], usize))
    | ^^^^^^^^^^^^^^^^^^^^^^^^^^^^^^^^^^^^^^^^^^^^^^^^^^^^^^^^^^^^^^^^^^^

error: postcondition not satisfied
   --> verification/lsn.rs:286:9
    |
286 |         forall|index: int| 0 <= index < formatted.1 ==> formatted.0@[index] < 128,
    |         ^^^^^^^^^^^^^^^^^^^^^^^^^^^^^^^^^^^^^^^^^^^^^^^^^^^^^^^^^^^^^^^^^^^^^^^^^ failed this postcondition
...
383 |     (buffer, high_digits + 9)
    |     ------------------------- at the end of the function body

note: recommendation not met: value may be out of range of the target type (use `#[verifier::truncate]` on the cast to silence this warning)
   --> verification/lsn.rs:295:16
    |
295 |     let high = (position >> 32) as u32;
    |                ^^^^^^^^^^^^^^^^

error: assertion failed
   --> verification/lsn.rs:328:21
    |
328 | /                     next_value as int * pow16((high_digits + 1) as int)
329 | |                         <= high_value as int * pow16(high_digits as int)
    | |________________________________________________________________________^ assertion failed

error: assertion failed
   --> verification/lsn.rs:354:17
    |
354 |     assert(1 <= high_digits <= 8);
    |                 ^^^^^^^^^^^ assertion failed

error: assertion failed
   --> verification/lsn.rs:375:16
    |
375 |         assert(divisor > 0);
    |                ^^^^^^^^^^^ assertion failed

verification results:: 28 verified, 3 errors
error: aborting due to 4 previous errors

