./tests/build_e2e_image.sh
  Builder image present (linux/amd64): pg_trickle_builder:pg18
━━━━━━━━━━━━━━━━━━━━━━━━━━━━━━━━━━━━━━━━━━━━━━━━━━━━━━━━━━━━
  Building E2E test image: pg_trickle_e2e:latest
  Project root: /Users/grove/projects/pg-trickle3
  Dockerfile:   /Users/grove/projects/pg-trickle3/tests/Dockerfile.e2e
  Builder image: pg_trickle_builder:pg18
━━━━━━━━━━━━━━━━━━━━━━━━━━━━━━━━━━━━━━━━━━━━━━━━━━━━━━━━━━━━
#0 building with "desktop-linux" instance using docker driver

#1 [internal] load build definition from Dockerfile.e2e
#1 transferring dockerfile: 7.68kB done
#1 DONE 0.0s

#2 resolve image config for docker-image://docker.io/docker/dockerfile:1
#2 DONE 0.7s

#3 docker-image://docker.io/docker/dockerfile:1@sha256:ecfaec9ed6d810b56388c508f4121597bfbba70d41a6dfeee4d8cad5f295fc32
#3 resolve docker.io/docker/dockerfile:1@sha256:ecfaec9ed6d810b56388c508f4121597bfbba70d41a6dfeee4d8cad5f295fc32 0.0s done
#3 CACHED

#4 [internal] load metadata for docker.io/library/postgres:18.6-bookworm@sha256:1c59e2c3c818eaa0f0628f695b36e7c9e362d6b219b36a54a32df645cbd7e1af
#4 DONE 0.0s

#5 [internal] load metadata for docker.io/library/pg_trickle_builder:pg18
#5 DONE 1.0s

#6 [internal] load .dockerignore
#6 transferring context: 527B 0.0s done
#6 DONE 0.0s

#7 [builder 1/9] FROM docker.io/library/pg_trickle_builder:pg18@sha256:19cdb6062ab6a0f2e2af1e5e58047ada62185f3b81a276a22e74abbbe4408025
#7 resolve docker.io/library/pg_trickle_builder:pg18@sha256:19cdb6062ab6a0f2e2af1e5e58047ada62185f3b81a276a22e74abbbe4408025 done
#7 DONE 0.0s

#8 [stage-1 1/8] FROM docker.io/library/postgres:18.6-bookworm@sha256:1c59e2c3c818eaa0f0628f695b36e7c9e362d6b219b36a54a32df645cbd7e1af
#8 resolve docker.io/library/postgres:18.6-bookworm@sha256:1c59e2c3c818eaa0f0628f695b36e7c9e362d6b219b36a54a32df645cbd7e1af 0.0s done
#8 DONE 0.0s

#9 [internal] load build context
#9 transferring context: 6.18kB done
#9 DONE 0.0s

#10 [builder 7/9] COPY pg_trickle.control ./
#10 CACHED

#11 [builder 2/9] WORKDIR /build
#11 CACHED

#12 [stage-1 7/8] RUN ls -la /usr/share/postgresql/18/extension/pg_trickle* &&     ls -la /usr/lib/postgresql/18/lib/pg_trickle*
#12 CACHED

#13 [stage-1 2/8] RUN apt-get update && apt-get install -y --no-install-recommends     postgresql-18-pgvector     && rm -rf /var/lib/apt/lists/*
#13 CACHED

#14 [builder 4/9] RUN mkdir -p src/bin src/dvm/operators benches &&     echo '#![allow(warnings)] fn main() {}' > src/bin/pgrx_embed.rs &&     echo '#![allow(warnings)]' > src/lib.rs &&     echo '' > src/dvm/mod.rs &&     echo '' > src/dvm/operators/mod.rs &&     echo '' > src/ivm.rs &&     echo 'fn main() {}' > benches/refresh_bench.rs &&     echo 'fn main() {}' > benches/diff_operators.rs &&     echo 'fn main() {}' > benches/scheduler_bench.rs &&     echo 'fn main() {}' > benches/pgvector_bench.rs
#14 CACHED

#15 [stage-1 3/8] COPY --from=builder     /artefacts/pg_trickle-pg18/usr/share/postgresql/18/extension/     /usr/share/postgresql/18/extension/
#15 CACHED

#16 [builder 5/9] RUN --mount=type=cache,target=/root/.cargo/registry     --mount=type=cache,target=/root/.cargo/git     cargo fetch
#16 CACHED

#17 [builder 3/9] COPY Cargo.toml Cargo.lock ./
#17 CACHED

#18 [builder 6/9] COPY src/ src/
#18 CACHED

#19 [stage-1 4/8] COPY --from=builder     /artefacts/pg_trickle-pg18/usr/lib/postgresql/18/lib/     /usr/lib/postgresql/18/lib/
#19 CACHED

#20 [builder 9/9] RUN echo "=== Package artifacts ===" &&     find /artefacts/pg_trickle-pg18 -type f &&     echo "========================="
#20 CACHED

#21 [stage-1 5/8] COPY tests/pg_tide.control     tests/pg_tide--0.46.0.sql     tests/pg_tide--0.54.0.sql     tests/pg_tide--0.53.0.sql     /usr/share/postgresql/18/extension/
#21 CACHED

#22 [stage-1 6/8] RUN echo "" >> /usr/share/postgresql/postgresql.conf.sample &&     echo "# pg_trickle E2E test configuration" >> /usr/share/postgresql/postgresql.conf.sample &&     echo "shared_preload_libraries = 'pg_trickle'" >> /usr/share/postgresql/postgresql.conf.sample &&     echo "pg_trickle.enable_output_delta_qualification = on" >> /usr/share/postgresql/postgresql.conf.sample &&     echo "track_commit_timestamp = on" >> /usr/share/postgresql/postgresql.conf.sample &&     echo "wal_level = logical" >> /usr/share/postgresql/postgresql.conf.sample &&     echo "max_replication_slots = 10" >> /usr/share/postgresql/postgresql.conf.sample &&     echo "# Each test database spawns one pg_trickle scheduler BGW via the launcher." >> /usr/share/postgresql/postgresql.conf.sample &&     echo "# Default max_worker_processes=8 is too tight when many test databases run" >> /usr/share/postgresql/postgresql.conf.sample &&     echo "# concurrently. The full E2E suite runs ~55 test binaries in parallel, each" >> /usr/share/postgresql/postgresql.conf.sample &&     echo "# with its own scheduler BGW (e.g. 1 launcher + 55 scheduler workers +  " >> /usr/share/postgresql/postgresql.conf.sample &&     echo "# autovacuum workers). 32 was too low, causing load_dynamic() failures for" >> /usr/share/postgresql/postgresql.conf.sample &&     echo "# the shared 'postgres' DB scheduler used by bgworker/cascade tests." >> /usr/share/postgresql/postgresql.conf.sample &&     echo "max_worker_processes = 128" >> /usr/share/postgresql/postgresql.conf.sample
#22 CACHED

#23 [builder 8/9] RUN --mount=type=cache,target=/root/.cargo/registry     --mount=type=cache,target=/root/.cargo/git     --mount=type=cache,target=/build/target     cargo pgrx package --pg-config /usr/bin/pg_config &&     mkdir -p /artefacts &&     cp -r target/release/pg_trickle-pg18 /artefacts/
#23 CACHED

#24 [stage-1 8/8] RUN echo "CREATE EXTENSION IF NOT EXISTS pg_trickle CASCADE;"     > /docker-entrypoint-initdb.d/00-create-pg-trickle.sql
#24 CACHED

#25 exporting to image
#25 exporting layers done
#25 exporting manifest sha256:fd50ce9e3db00e035b2b7ad64883690ae6665fa00cb3ba970f7a5ef07cd00af1 done
#25 exporting config sha256:f02a839661c1697c863a9ed14ca2a00acd20b9f578af548ff52aa6e0b9a9f028 done
#25 exporting attestation manifest sha256:741e1f0c085483f4fb10f7efc1f0dc0ed5ab1e13809507284654988cd4ff5f6f done
#25 exporting manifest list sha256:12de58d93dd551fd32b4b14d7797c4339cfcbbba3b6b78b9bf47e0873d8bf19d done
#25 naming to docker.io/library/pg_trickle_e2e:latest done
#25 DONE 0.0s

━━━━━━━━━━━━━━━━━━━━━━━━━━━━━━━━━━━━━━━━━━━━━━━━━━━━━━━━━━━━
  ✓ Image built: pg_trickle_e2e:latest
  Image size: 621 MB
━━━━━━━━━━━━━━━━━━━━━━━━━━━━━━━━━━━━━━━━━━━━━━━━━━━━━━━━━━━━

To test manually:
  docker run --rm -d --name pgs-e2e -e POSTGRES_PASSWORD=postgres -p 15432:5432 pg_trickle_e2e:latest
  sleep 3
  psql -h localhost -p 15432 -U postgres -c "CREATE EXTENSION pg_trickle;"
  docker stop pgs-e2e
./tests/build_e2e_upgrade_image.sh 0.108.0 0.108.1
Validating upgrade chain: 0.108.0 → 0.108.1
  Found: pg_trickle--0.108.0--0.108.1.sql
  Chain validated: 1 step(s)
━━━━━━━━━━━━━━━━━━━━━━━━━━━━━━━━━━━━━━━━━━━━━━━━━━━━━━━━━━━━
  Building upgrade E2E image: pg_trickle_upgrade_e2e:latest
  Upgrade path: 0.108.0 → 0.108.1
  Base image:   pg_trickle_e2e:latest
  Dockerfile:   /Users/grove/projects/pg-trickle3/tests/Dockerfile.e2e-upgrade
━━━━━━━━━━━━━━━━━━━━━━━━━━━━━━━━━━━━━━━━━━━━━━━━━━━━━━━━━━━━
#0 building with "desktop-linux" instance using docker driver

#1 [internal] load build definition from Dockerfile.e2e-upgrade
#1 transferring dockerfile: 4.14kB done
#1 DONE 0.0s

#2 [internal] load metadata for docker.io/library/pg_trickle_e2e:latest
#2 DONE 0.0s

#3 [internal] load .dockerignore
#3 transferring context: 527B done
#3 DONE 0.0s

#4 [1/7] FROM docker.io/library/pg_trickle_e2e:latest@sha256:12de58d93dd551fd32b4b14d7797c4339cfcbbba3b6b78b9bf47e0873d8bf19d
#4 resolve docker.io/library/pg_trickle_e2e:latest@sha256:12de58d93dd551fd32b4b14d7797c4339cfcbbba3b6b78b9bf47e0873d8bf19d done
#4 DONE 0.0s

#5 [internal] load build context
#5 transferring context: 14.75MB 0.2s done
#5 DONE 0.2s

#6 [2/7] RUN current_ver=$(sed -n "s/^default_version = '\(.*\)'$/\1/p"         /usr/share/postgresql/18/extension/pg_trickle.control) &&     cp "/usr/share/postgresql/18/extension/pg_trickle--${current_ver}.sql"        /tmp/pg_trickle--current-release.sql
#6 DONE 0.3s

#7 [3/7] COPY sql/archive/pg_trickle--*.sql      /usr/share/postgresql/18/extension/
#7 DONE 0.1s

#8 [4/7] RUN current_ver=$(sed -n "s/^default_version = '\(.*\)'$/\1/p"         /usr/share/postgresql/18/extension/pg_trickle.control) &&     cp /tmp/pg_trickle--current-release.sql        "/usr/share/postgresql/18/extension/pg_trickle--${current_ver}.sql" &&     rm /tmp/pg_trickle--current-release.sql
#8 DONE 0.2s

#9 [5/7] COPY sql/pg_trickle--*--*.sql /usr/share/postgresql/18/extension/
#9 DONE 0.0s

#10 [6/7] RUN rm -f /docker-entrypoint-initdb.d/00-create-pg-trickle.sql
#10 DONE 0.2s

#11 [7/7] RUN echo "=== Extension files for upgrade testing ===" &&     ls -la /usr/share/postgresql/18/extension/pg_trickle* &&     echo "==========================================="
#11 0.108 === Extension files for upgrade testing ===
#11 0.135 -rw-r--r-- 1 root root    872 Sep 24 08:08 /usr/share/postgresql/18/extension/pg_trickle--0.100.0--0.101.0.sql
#11 0.135 -rw-r--r-- 1 root root  10680 May 27 16:52 /usr/share/postgresql/18/extension/pg_trickle--0.10.0--0.11.0.sql
#11 0.135 -rw-r--r-- 1 root root 174612 Sep 24 08:08 /usr/share/postgresql/18/extension/pg_trickle--0.100.0.sql
#11 0.135 -rw-r--r-- 1 root root  41101 May 27 16:52 /usr/share/postgresql/18/extension/pg_trickle--0.10.0.sql
#11 0.135 -rw-r--r-- 1 root root    275 Sep 24 08:08 /usr/share/postgresql/18/extension/pg_trickle--0.101.0--0.102.0.sql
#11 0.135 -rw-r--r-- 1 root root 174815 Sep 24 08:08 /usr/share/postgresql/18/extension/pg_trickle--0.101.0.sql
#11 0.135 -rw-r--r-- 1 root root   1386 Sep 24 08:08 /usr/share/postgresql/18/extension/pg_trickle--0.102.0--0.103.0.sql
#11 0.135 -rw-r--r-- 1 root root 174815 Sep 24 08:08 /usr/share/postgresql/18/extension/pg_trickle--0.102.0.sql
#11 0.135 -rw-r--r-- 1 root root    651 Sep 24 08:08 /usr/share/postgresql/18/extension/pg_trickle--0.103.0--0.104.0.sql
#11 0.135 -rw-r--r-- 1 root root 175940 Sep 24 08:08 /usr/share/postgresql/18/extension/pg_trickle--0.103.0.sql
#11 0.135 -rw-r--r-- 1 root root    307 Sep 24 08:08 /usr/share/postgresql/18/extension/pg_trickle--0.104.0--0.105.0.sql
#11 0.135 -rw-r--r-- 1 root root 176161 Sep 24 08:08 /usr/share/postgresql/18/extension/pg_trickle--0.104.0.sql
#11 0.135 -rw-r--r-- 1 root root    290 Sep 24 08:08 /usr/share/postgresql/18/extension/pg_trickle--0.105.0--0.105.1.sql
#11 0.135 -rw-r--r-- 1 root root 176161 Sep 24 08:08 /usr/share/postgresql/18/extension/pg_trickle--0.105.0.sql
#11 0.135 -rw-r--r-- 1 root root    305 Sep 24 08:08 /usr/share/postgresql/18/extension/pg_trickle--0.105.1--0.105.2.sql
#11 0.135 -rw-r--r-- 1 root root 176161 Sep 24 08:08 /usr/share/postgresql/18/extension/pg_trickle--0.105.1.sql
#11 0.135 -rw-r--r-- 1 root root    299 Sep 24 08:08 /usr/share/postgresql/18/extension/pg_trickle--0.105.2--0.105.3.sql
#11 0.135 -rw-r--r-- 1 root root 176161 Sep 24 08:08 /usr/share/postgresql/18/extension/pg_trickle--0.105.2.sql
#11 0.135 -rw-r--r-- 1 root root    321 Sep 24 08:08 /usr/share/postgresql/18/extension/pg_trickle--0.105.3--0.106.0.sql
#11 0.135 -rw-r--r-- 1 root root 176160 Sep 24 08:08 /usr/share/postgresql/18/extension/pg_trickle--0.105.3.sql
#11 0.135 -rw-r--r-- 1 root root    279 Sep 24 08:08 /usr/share/postgresql/18/extension/pg_trickle--0.106.0--0.106.1.sql
#11 0.135 -rw-r--r-- 1 root root 175957 Sep 24 08:08 /usr/share/postgresql/18/extension/pg_trickle--0.106.0.sql
#11 0.135 -rw-r--r-- 1 root root    279 Sep 24 08:08 /usr/share/postgresql/18/extension/pg_trickle--0.106.1--0.107.0.sql
#11 0.135 -rw-r--r-- 1 root root 175957 Sep 24 08:08 /usr/share/postgresql/18/extension/pg_trickle--0.106.1.sql
#11 0.135 -rw-r--r-- 1 root root   3101 Sep 26 21:41 /usr/share/postgresql/18/extension/pg_trickle--0.107.0--0.108.0.sql
#11 0.135 -rw-r--r-- 1 root root 175957 Sep 24 08:08 /usr/share/postgresql/18/extension/pg_trickle--0.107.0.sql
#11 0.135 -rw-r--r-- 1 root root   2551 Sep 26 21:42 /usr/share/postgresql/18/extension/pg_trickle--0.108.0--0.108.1.sql
#11 0.135 -rw-r--r-- 1 root root 178603 Sep 26 21:55 /usr/share/postgresql/18/extension/pg_trickle--0.108.0.sql
#11 0.135 -rw-r--r-- 1 root root 179260 Sep 27 02:13 /usr/share/postgresql/18/extension/pg_trickle--0.108.1.sql
#11 0.135 -rw-r--r-- 1 root root   4337 May 27 16:52 /usr/share/postgresql/18/extension/pg_trickle--0.11.0--0.12.0.sql
#11 0.135 -rw-r--r-- 1 root root  42933 May 27 16:52 /usr/share/postgresql/18/extension/pg_trickle--0.11.0.sql
#11 0.135 -rw-r--r-- 1 root root  12316 May 27 16:52 /usr/share/postgresql/18/extension/pg_trickle--0.12.0--0.13.0.sql
#11 0.135 -rw-r--r-- 1 root root  42522 May 27 16:52 /usr/share/postgresql/18/extension/pg_trickle--0.12.0.sql
#11 0.135 -rw-r--r-- 1 root root   5392 May 27 16:52 /usr/share/postgresql/18/extension/pg_trickle--0.13.0--0.14.0.sql
#11 0.135 -rw-r--r-- 1 root root   5451 May 27 16:52 /usr/share/postgresql/18/extension/pg_trickle--0.1.3--0.2.0.sql
#11 0.135 -rw-r--r-- 1 root root  47668 May 27 16:52 /usr/share/postgresql/18/extension/pg_trickle--0.13.0.sql
#11 0.135 -rw-r--r-- 1 root root  18392 May 27 16:52 /usr/share/postgresql/18/extension/pg_trickle--0.1.3.sql
#11 0.135 -rw-r--r-- 1 root root   2415 May 27 16:52 /usr/share/postgresql/18/extension/pg_trickle--0.14.0--0.15.0.sql
#11 0.135 -rw-r--r-- 1 root root  50457 May 27 16:52 /usr/share/postgresql/18/extension/pg_trickle--0.14.0.sql
#11 0.136 -rw-r--r-- 1 root root   1925 May 27 16:52 /usr/share/postgresql/18/extension/pg_trickle--0.15.0--0.16.0.sql
#11 0.136 -rw-r--r-- 1 root root  50827 May 27 16:52 /usr/share/postgresql/18/extension/pg_trickle--0.15.0.sql
#11 0.136 -rw-r--r-- 1 root root    113 May 27 16:52 /usr/share/postgresql/18/extension/pg_trickle--0.16.0--0.17.0.sql
#11 0.136 -rw-r--r-- 1 root root  51405 May 27 16:52 /usr/share/postgresql/18/extension/pg_trickle--0.16.0.sql
#11 0.136 -rw-r--r-- 1 root root   1187 May 27 16:52 /usr/share/postgresql/18/extension/pg_trickle--0.17.0--0.18.0.sql
#11 0.136 -rw-r--r-- 1 root root  51405 May 27 16:52 /usr/share/postgresql/18/extension/pg_trickle--0.17.0.sql
#11 0.136 -rw-r--r-- 1 root root   4256 May 27 16:52 /usr/share/postgresql/18/extension/pg_trickle--0.18.0--0.19.0.sql
#11 0.136 -rw-r--r-- 1 root root  53251 May 27 16:52 /usr/share/postgresql/18/extension/pg_trickle--0.18.0.sql
#11 0.136 -rw-r--r-- 1 root root   3675 May 27 16:52 /usr/share/postgresql/18/extension/pg_trickle--0.19.0--0.20.0.sql
#11 0.136 -rw-r--r-- 1 root root  54186 May 27 16:52 /usr/share/postgresql/18/extension/pg_trickle--0.19.0.sql
#11 0.136 -rw-r--r-- 1 root root   9199 May 27 16:52 /usr/share/postgresql/18/extension/pg_trickle--0.20.0--0.21.0.sql
#11 0.136 -rw-r--r-- 1 root root   1346 May 27 16:52 /usr/share/postgresql/18/extension/pg_trickle--0.2.0--0.2.1.sql
#11 0.136 -rw-r--r-- 1 root root  56700 May 27 16:52 /usr/share/postgresql/18/extension/pg_trickle--0.20.0.sql
#11 0.136 -rw-r--r-- 1 root root  22647 May 27 16:52 /usr/share/postgresql/18/extension/pg_trickle--0.2.0.sql
#11 0.136 -rw-r--r-- 1 root root   3661 May 27 16:52 /usr/share/postgresql/18/extension/pg_trickle--0.21.0--0.22.0.sql
#11 0.136 -rw-r--r-- 1 root root   2289 May 27 16:52 /usr/share/postgresql/18/extension/pg_trickle--0.2.1--0.2.2.sql
#11 0.136 -rw-r--r-- 1 root root  65899 May 27 16:52 /usr/share/postgresql/18/extension/pg_trickle--0.21.0.sql
#11 0.136 -rw-r--r-- 1 root root  22753 May 27 16:52 /usr/share/postgresql/18/extension/pg_trickle--0.2.1.sql
#11 0.136 -rw-r--r-- 1 root root   1710 May 27 16:52 /usr/share/postgresql/18/extension/pg_trickle--0.22.0--0.23.0.sql
#11 0.136 -rw-r--r-- 1 root root   4966 May 27 16:52 /usr/share/postgresql/18/extension/pg_trickle--0.2.2--0.2.3.sql
#11 0.136 -rw-r--r-- 1 root root  65864 May 27 16:52 /usr/share/postgresql/18/extension/pg_trickle--0.22.0.sql
#11 0.136 -rw-r--r-- 1 root root  22819 May 27 16:52 /usr/share/postgresql/18/extension/pg_trickle--0.2.2.sql
#11 0.136 -rw-r--r-- 1 root root   3894 May 27 16:52 /usr/share/postgresql/18/extension/pg_trickle--0.23.0--0.24.0.sql
#11 0.136 -rw-r--r-- 1 root root   1360 May 27 16:52 /usr/share/postgresql/18/extension/pg_trickle--0.2.3--0.3.0.sql
#11 0.136 -rw-r--r-- 1 root root  66888 May 27 16:52 /usr/share/postgresql/18/extension/pg_trickle--0.23.0.sql
#11 0.136 -rw-r--r-- 1 root root  23867 May 27 16:52 /usr/share/postgresql/18/extension/pg_trickle--0.2.3.sql
#11 0.136 -rw-r--r-- 1 root root   3080 May 27 16:52 /usr/share/postgresql/18/extension/pg_trickle--0.24.0--0.25.0.sql
#11 0.136 -rw-r--r-- 1 root root  66961 May 27 16:52 /usr/share/postgresql/18/extension/pg_trickle--0.24.0.sql
#11 0.136 -rw-r--r-- 1 root root   1877 Sep 26 20:09 /usr/share/postgresql/18/extension/pg_trickle--0.25.0--0.26.0.sql
#11 0.136 -rw-r--r-- 1 root root  67499 May 27 16:52 /usr/share/postgresql/18/extension/pg_trickle--0.25.0.sql
#11 0.136 -rw-r--r-- 1 root root   7661 May 27 16:52 /usr/share/postgresql/18/extension/pg_trickle--0.26.0--0.27.0.sql
#11 0.136 -rw-r--r-- 1 root root  67791 May 27 16:52 /usr/share/postgresql/18/extension/pg_trickle--0.26.0.sql
#11 0.136 -rw-r--r-- 1 root root  26413 May 27 16:52 /usr/share/postgresql/18/extension/pg_trickle--0.27.0--0.28.0.sql
#11 0.136 -rw-r--r-- 1 root root  67200 May 27 16:52 /usr/share/postgresql/18/extension/pg_trickle--0.27.0.sql
#11 0.136 -rw-r--r-- 1 root root  17309 May 27 16:52 /usr/share/postgresql/18/extension/pg_trickle--0.28.0--0.29.0.sql
#11 0.136 -rw-r--r-- 1 root root  84625 May 27 16:52 /usr/share/postgresql/18/extension/pg_trickle--0.28.0.sql
#11 0.136 -rw-r--r-- 1 root root    786 May 27 16:52 /usr/share/postgresql/18/extension/pg_trickle--0.29.0--0.30.0.sql
#11 0.136 -rw-r--r-- 1 root root  93838 May 27 16:52 /usr/share/postgresql/18/extension/pg_trickle--0.29.0.sql
#11 0.136 -rw-r--r-- 1 root root   1924 May 27 16:52 /usr/share/postgresql/18/extension/pg_trickle--0.30.0--0.31.0.sql
#11 0.136 -rw-r--r-- 1 root root   3550 May 27 16:52 /usr/share/postgresql/18/extension/pg_trickle--0.3.0--0.4.0.sql
#11 0.136 -rw-r--r-- 1 root root  94321 May 27 16:52 /usr/share/postgresql/18/extension/pg_trickle--0.30.0.sql
#11 0.136 -rw-r--r-- 1 root root  23867 May 27 16:52 /usr/share/postgresql/18/extension/pg_trickle--0.3.0.sql
#11 0.136 -rw-r--r-- 1 root root  14428 May 27 16:52 /usr/share/postgresql/18/extension/pg_trickle--0.31.0--0.32.0.sql
#11 0.136 -rw-r--r-- 1 root root  94877 May 27 16:52 /usr/share/postgresql/18/extension/pg_trickle--0.31.0.sql
#11 0.136 -rw-r--r-- 1 root root   9670 May 27 16:52 /usr/share/postgresql/18/extension/pg_trickle--0.32.0--0.33.0.sql
#11 0.136 -rw-r--r-- 1 root root  95969 May 27 16:52 /usr/share/postgresql/18/extension/pg_trickle--0.32.0.sql
#11 0.136 -rw-r--r-- 1 root root   3718 May 27 16:52 /usr/share/postgresql/18/extension/pg_trickle--0.33.0--0.34.0.sql
#11 0.136 -rw-r--r-- 1 root root  98536 May 27 16:52 /usr/share/postgresql/18/extension/pg_trickle--0.33.0.sql
#11 0.136 -rw-r--r-- 1 root root   3584 May 27 16:52 /usr/share/postgresql/18/extension/pg_trickle--0.34.0--0.35.0.sql
#11 0.136 -rw-r--r-- 1 root root  99187 May 27 16:52 /usr/share/postgresql/18/extension/pg_trickle--0.34.0.sql
#11 0.136 -rw-r--r-- 1 root root   4928 May 27 16:52 /usr/share/postgresql/18/extension/pg_trickle--0.35.0--0.36.0.sql
#11 0.136 -rw-r--r-- 1 root root 102015 May 27 16:52 /usr/share/postgresql/18/extension/pg_trickle--0.35.0.sql
#11 0.136 -rw-r--r-- 1 root root   2957 May 27 16:52 /usr/share/postgresql/18/extension/pg_trickle--0.36.0--0.37.0.sql
#11 0.136 -rw-r--r-- 1 root root 103970 May 27 16:52 /usr/share/postgresql/18/extension/pg_trickle--0.36.0.sql
#11 0.136 -rw-r--r-- 1 root root    184 May 27 16:52 /usr/share/postgresql/18/extension/pg_trickle--0.37.0--0.38.0.sql
#11 0.136 -rw-r--r-- 1 root root 103970 May 27 16:52 /usr/share/postgresql/18/extension/pg_trickle--0.37.0.sql
#11 0.136 -rw-r--r-- 1 root root   1485 May 27 16:52 /usr/share/postgresql/18/extension/pg_trickle--0.38.0--0.39.0.sql
#11 0.136 -rw-r--r-- 1 root root 103970 May 27 16:52 /usr/share/postgresql/18/extension/pg_trickle--0.38.0.sql
#11 0.136 -rw-r--r-- 1 root root   1499 May 27 16:52 /usr/share/postgresql/18/extension/pg_trickle--0.39.0--0.40.0.sql
#11 0.136 -rw-r--r-- 1 root root 104331 May 27 16:52 /usr/share/postgresql/18/extension/pg_trickle--0.39.0.sql
#11 0.136 -rw-r--r-- 1 root root  25968 May 27 16:52 /usr/share/postgresql/18/extension/pg_trickle--0.40.0--0.47.0.sql
#11 0.136 -rw-r--r-- 1 root root  31981 May 27 16:52 /usr/share/postgresql/18/extension/pg_trickle--0.40.0--0.48.0.sql
#11 0.136 -rw-r--r-- 1 root root  32631 May 27 16:52 /usr/share/postgresql/18/extension/pg_trickle--0.40.0--0.49.0.sql
#11 0.136 -rw-r--r-- 1 root root   5646 May 27 16:52 /usr/share/postgresql/18/extension/pg_trickle--0.4.0--0.5.0.sql
#11 0.136 -rw-r--r-- 1 root root 104331 May 27 16:52 /usr/share/postgresql/18/extension/pg_trickle--0.40.0.sql
#11 0.136 -rw-r--r-- 1 root root  26995 May 27 16:52 /usr/share/postgresql/18/extension/pg_trickle--0.4.0.sql
#11 0.136 -rw-r--r-- 1 root root  24658 May 27 16:52 /usr/share/postgresql/18/extension/pg_trickle--0.41.0--0.47.0.sql
#11 0.136 -rw-r--r-- 1 root root  30680 May 27 16:52 /usr/share/postgresql/18/extension/pg_trickle--0.41.0--0.48.0.sql
#11 0.136 -rw-r--r-- 1 root root  31330 May 27 16:52 /usr/share/postgresql/18/extension/pg_trickle--0.41.0--0.49.0.sql
#11 0.136 -rw-r--r-- 1 root root 104331 May 27 16:52 /usr/share/postgresql/18/extension/pg_trickle--0.41.0.sql
#11 0.136 -rw-r--r-- 1 root root  23819 May 27 16:52 /usr/share/postgresql/18/extension/pg_trickle--0.42.0--0.47.0.sql
#11 0.136 -rw-r--r-- 1 root root  29850 May 27 16:52 /usr/share/postgresql/18/extension/pg_trickle--0.42.0--0.48.0.sql
#11 0.136 -rw-r--r-- 1 root root  30500 May 27 16:52 /usr/share/postgresql/18/extension/pg_trickle--0.42.0--0.49.0.sql
#11 0.136 -rw-r--r-- 1 root root 104644 May 27 16:52 /usr/share/postgresql/18/extension/pg_trickle--0.42.0.sql
#11 0.136 -rw-r--r-- 1 root root  21683 May 27 16:52 /usr/share/postgresql/18/extension/pg_trickle--0.43.0--0.47.0.sql
#11 0.136 -rw-r--r-- 1 root root  27723 May 27 16:52 /usr/share/postgresql/18/extension/pg_trickle--0.43.0--0.48.0.sql
#11 0.136 -rw-r--r-- 1 root root  28373 May 27 16:52 /usr/share/postgresql/18/extension/pg_trickle--0.43.0--0.49.0.sql
#11 0.136 -rw-r--r-- 1 root root 105316 May 27 16:52 /usr/share/postgresql/18/extension/pg_trickle--0.43.0.sql
#11 0.136 -rw-r--r-- 1 root root  19542 May 27 16:52 /usr/share/postgresql/18/extension/pg_trickle--0.44.0--0.47.0.sql
#11 0.136 -rw-r--r-- 1 root root  25591 May 27 16:52 /usr/share/postgresql/18/extension/pg_trickle--0.44.0--0.48.0.sql
#11 0.136 -rw-r--r-- 1 root root  26241 May 27 16:52 /usr/share/postgresql/18/extension/pg_trickle--0.44.0--0.49.0.sql
#11 0.136 -rw-r--r-- 1 root root 105316 May 27 16:52 /usr/share/postgresql/18/extension/pg_trickle--0.44.0.sql
#11 0.136 -rw-r--r-- 1 root root  10133 May 27 16:52 /usr/share/postgresql/18/extension/pg_trickle--0.45.0--0.46.0.sql
#11 0.136 -rw-r--r-- 1 root root 105757 May 27 16:52 /usr/share/postgresql/18/extension/pg_trickle--0.45.0.sql
#11 0.136 -rw-r--r-- 1 root root   4987 May 27 16:52 /usr/share/postgresql/18/extension/pg_trickle--0.46.0--0.47.0.sql
#11 0.136 -rw-r--r-- 1 root root  11148 May 27 16:52 /usr/share/postgresql/18/extension/pg_trickle--0.46.0--0.48.0.sql
#11 0.136 -rw-r--r-- 1 root root  11798 May 27 16:52 /usr/share/postgresql/18/extension/pg_trickle--0.46.0--0.49.0.sql
#11 0.136 -rw-r--r-- 1 root root  80254 May 27 16:52 /usr/share/postgresql/18/extension/pg_trickle--0.46.0.sql
#11 0.136 -rw-r--r-- 1 root root   6065 May 27 16:52 /usr/share/postgresql/18/extension/pg_trickle--0.47.0--0.48.0.sql
#11 0.136 -rw-r--r-- 1 root root   6715 May 27 16:52 /usr/share/postgresql/18/extension/pg_trickle--0.47.0--0.49.0.sql
#11 0.136 -rw-r--r-- 1 root root  81695 May 27 16:52 /usr/share/postgresql/18/extension/pg_trickle--0.47.0.sql
#11 0.136 -rw-r--r-- 1 root root    650 May 27 16:52 /usr/share/postgresql/18/extension/pg_trickle--0.48.0--0.49.0.sql
#11 0.136 -rw-r--r-- 1 root root  85621 May 27 16:52 /usr/share/postgresql/18/extension/pg_trickle--0.48.0.sql
#11 0.136 -rw-r--r-- 1 root root    571 May 27 16:52 /usr/share/postgresql/18/extension/pg_trickle--0.49.0--0.49.1.sql
#11 0.136 -rw-r--r-- 1 root root  85621 May 27 16:52 /usr/share/postgresql/18/extension/pg_trickle--0.49.0.sql
#11 0.136 -rw-r--r-- 1 root root   1581 May 27 16:52 /usr/share/postgresql/18/extension/pg_trickle--0.49.1--0.50.0.sql
#11 0.136 -rw-r--r-- 1 root root  85621 May 27 16:52 /usr/share/postgresql/18/extension/pg_trickle--0.49.1.sql
#11 0.136 -rw-r--r-- 1 root root   1173 May 27 16:52 /usr/share/postgresql/18/extension/pg_trickle--0.50.0--0.51.0.sql
#11 0.136 -rw-r--r-- 1 root root   2194 May 27 16:52 /usr/share/postgresql/18/extension/pg_trickle--0.5.0--0.6.0.sql
#11 0.136 -rw-r--r-- 1 root root  86052 May 27 16:52 /usr/share/postgresql/18/extension/pg_trickle--0.50.0.sql
#11 0.136 -rw-r--r-- 1 root root  31489 May 27 16:52 /usr/share/postgresql/18/extension/pg_trickle--0.5.0.sql
#11 0.136 -rw-r--r-- 1 root root   1003 May 27 16:52 /usr/share/postgresql/18/extension/pg_trickle--0.51.0--0.52.0.sql
#11 0.136 -rw-r--r-- 1 root root  86052 May 27 16:52 /usr/share/postgresql/18/extension/pg_trickle--0.51.0.sql
#11 0.136 -rw-r--r-- 1 root root    997 May 27 16:52 /usr/share/postgresql/18/extension/pg_trickle--0.52.0--0.53.0.sql
#11 0.136 -rw-r--r-- 1 root root  86052 May 27 16:52 /usr/share/postgresql/18/extension/pg_trickle--0.52.0.sql
#11 0.136 -rw-r--r-- 1 root root    747 May 27 16:52 /usr/share/postgresql/18/extension/pg_trickle--0.53.0--0.54.0.sql
#11 0.136 -rw-r--r-- 1 root root  86052 May 27 16:52 /usr/share/postgresql/18/extension/pg_trickle--0.53.0.sql
#11 0.136 -rw-r--r-- 1 root root    826 May 27 16:52 /usr/share/postgresql/18/extension/pg_trickle--0.54.0--0.55.0.sql
#11 0.136 -rw-r--r-- 1 root root  86052 May 27 16:52 /usr/share/postgresql/18/extension/pg_trickle--0.54.0.sql
#11 0.136 -rw-r--r-- 1 root root   1161 May 27 16:52 /usr/share/postgresql/18/extension/pg_trickle--0.55.0--0.56.0.sql
#11 0.136 -rw-r--r-- 1 root root  86052 May 27 16:52 /usr/share/postgresql/18/extension/pg_trickle--0.55.0.sql
#11 0.136 -rw-r--r-- 1 root root   1401 May 27 16:52 /usr/share/postgresql/18/extension/pg_trickle--0.56.0--0.57.0.sql
#11 0.136 -rw-r--r-- 1 root root  86052 May 27 16:52 /usr/share/postgresql/18/extension/pg_trickle--0.56.0.sql
#11 0.136 -rw-r--r-- 1 root root   1424 May 27 16:52 /usr/share/postgresql/18/extension/pg_trickle--0.57.0--0.58.0.sql
#11 0.136 -rw-r--r-- 1 root root  86052 May 27 16:52 /usr/share/postgresql/18/extension/pg_trickle--0.57.0.sql
#11 0.136 -rw-r--r-- 1 root root    844 May 27 16:52 /usr/share/postgresql/18/extension/pg_trickle--0.58.0--0.59.0.sql
#11 0.136 -rw-r--r-- 1 root root  86052 May 27 16:52 /usr/share/postgresql/18/extension/pg_trickle--0.58.0.sql
#11 0.136 -rw-r--r-- 1 root root    227 May 27 16:52 /usr/share/postgresql/18/extension/pg_trickle--0.59.0--0.60.0.sql
#11 0.136 -rw-r--r-- 1 root root  86457 May 27 16:52 /usr/share/postgresql/18/extension/pg_trickle--0.59.0.sql
#11 0.136 -rw-r--r-- 1 root root    296 May 27 16:52 /usr/share/postgresql/18/extension/pg_trickle--0.60.0--0.61.0.sql
#11 0.136 -rw-r--r-- 1 root root   4804 May 27 16:52 /usr/share/postgresql/18/extension/pg_trickle--0.6.0--0.7.0.sql
#11 0.136 -rw-r--r-- 1 root root  86457 May 27 16:52 /usr/share/postgresql/18/extension/pg_trickle--0.60.0.sql
#11 0.136 -rw-r--r-- 1 root root  33199 May 27 16:52 /usr/share/postgresql/18/extension/pg_trickle--0.6.0.sql
#11 0.136 -rw-r--r-- 1 root root   3393 May 27 16:52 /usr/share/postgresql/18/extension/pg_trickle--0.61.0--0.62.0.sql
#11 0.136 -rw-r--r-- 1 root root  86457 May 27 16:52 /usr/share/postgresql/18/extension/pg_trickle--0.61.0.sql
#11 0.136 -rw-r--r-- 1 root root   1273 May 27 16:52 /usr/share/postgresql/18/extension/pg_trickle--0.62.0--0.63.0.sql
#11 0.136 -rw-r--r-- 1 root root  87860 May 27 16:52 /usr/share/postgresql/18/extension/pg_trickle--0.62.0.sql
#11 0.136 -rw-r--r-- 1 root root   1375 May 27 16:52 /usr/share/postgresql/18/extension/pg_trickle--0.63.0--0.64.0.sql
#11 0.136 -rw-r--r-- 1 root root  87860 May 27 16:52 /usr/share/postgresql/18/extension/pg_trickle--0.63.0.sql
#11 0.136 -rw-r--r-- 1 root root   3245 May 27 16:52 /usr/share/postgresql/18/extension/pg_trickle--0.64.0--0.65.0.sql
#11 0.136 -rw-r--r-- 1 root root  87860 May 27 16:52 /usr/share/postgresql/18/extension/pg_trickle--0.64.0.sql
#11 0.136 -rw-r--r-- 1 root root   8457 May 27 16:52 /usr/share/postgresql/18/extension/pg_trickle--0.65.0--0.66.0.sql
#11 0.136 -rw-r--r-- 1 root root  88073 May 27 16:52 /usr/share/postgresql/18/extension/pg_trickle--0.65.0.sql
#11 0.136 -rw-r--r-- 1 root root   3597 May 27 16:52 /usr/share/postgresql/18/extension/pg_trickle--0.66.0--0.67.0.sql
#11 0.136 -rw-r--r-- 1 root root  88995 May 27 16:52 /usr/share/postgresql/18/extension/pg_trickle--0.66.0.sql
#11 0.136 -rw-r--r-- 1 root root   1684 May 27 16:52 /usr/share/postgresql/18/extension/pg_trickle--0.67.0--0.68.0.sql
#11 0.136 -rw-r--r-- 1 root root  89870 May 27 16:52 /usr/share/postgresql/18/extension/pg_trickle--0.67.0.sql
#11 0.136 -rw-r--r-- 1 root root   3558 Sep 24 08:08 /usr/share/postgresql/18/extension/pg_trickle--0.68.0--0.69.0.sql
#11 0.136 -rw-r--r-- 1 root root  89889 May 27 16:52 /usr/share/postgresql/18/extension/pg_trickle--0.68.0.sql
#11 0.136 -rw-r--r-- 1 root root   3690 May 27 16:52 /usr/share/postgresql/18/extension/pg_trickle--0.69.0--0.70.0.sql
#11 0.136 -rw-r--r-- 1 root root  90600 Sep 24 08:08 /usr/share/postgresql/18/extension/pg_trickle--0.69.0.sql
#11 0.136 -rw-r--r-- 1 root root   1117 May 27 16:52 /usr/share/postgresql/18/extension/pg_trickle--0.70.0--0.71.0.sql
#11 0.136 -rw-r--r-- 1 root root    116 May 27 16:52 /usr/share/postgresql/18/extension/pg_trickle--0.7.0--0.8.0.sql
#11 0.136 -rw-r--r-- 1 root root  91075 Sep 24 08:08 /usr/share/postgresql/18/extension/pg_trickle--0.70.0.sql
#11 0.136 -rw-r--r-- 1 root root  37989 May 27 16:52 /usr/share/postgresql/18/extension/pg_trickle--0.7.0.sql
#11 0.136 -rw-r--r-- 1 root root   2741 May 27 16:52 /usr/share/postgresql/18/extension/pg_trickle--0.71.0--0.72.0.sql
#11 0.136 -rw-r--r-- 1 root root  91075 Sep 24 08:08 /usr/share/postgresql/18/extension/pg_trickle--0.71.0.sql
#11 0.136 -rw-r--r-- 1 root root   7181 May 27 16:52 /usr/share/postgresql/18/extension/pg_trickle--0.72.0--0.73.0.sql
#11 0.136 -rw-r--r-- 1 root root  92543 Sep 24 08:08 /usr/share/postgresql/18/extension/pg_trickle--0.72.0.sql
#11 0.136 -rw-r--r-- 1 root root   1357 May 27 16:52 /usr/share/postgresql/18/extension/pg_trickle--0.73.0--0.74.0.sql
#11 0.136 -rw-r--r-- 1 root root  94388 Sep 24 08:08 /usr/share/postgresql/18/extension/pg_trickle--0.73.0.sql
#11 0.136 -rw-r--r-- 1 root root    954 May 27 16:52 /usr/share/postgresql/18/extension/pg_trickle--0.74.0--0.75.0.sql
#11 0.136 -rw-r--r-- 1 root root  94158 Sep 24 08:08 /usr/share/postgresql/18/extension/pg_trickle--0.74.0.sql
#11 0.136 -rw-r--r-- 1 root root   4566 Sep 24 08:08 /usr/share/postgresql/18/extension/pg_trickle--0.75.0--0.76.0.sql
#11 0.136 -rw-r--r-- 1 root root  94158 Sep 24 08:08 /usr/share/postgresql/18/extension/pg_trickle--0.75.0.sql
#11 0.136 -rw-r--r-- 1 root root   1724 Sep 24 08:08 /usr/share/postgresql/18/extension/pg_trickle--0.76.0--0.77.0.sql
#11 0.136 -rw-r--r-- 1 root root  90185 Sep 24 08:08 /usr/share/postgresql/18/extension/pg_trickle--0.76.0.sql
#11 0.136 -rw-r--r-- 1 root root   3411 Sep 24 08:08 /usr/share/postgresql/18/extension/pg_trickle--0.77.0--0.78.0.sql
#11 0.136 -rw-r--r-- 1 root root  90185 Sep 24 08:08 /usr/share/postgresql/18/extension/pg_trickle--0.77.0.sql
#11 0.136 -rw-r--r-- 1 root root   5708 Sep 24 08:08 /usr/share/postgresql/18/extension/pg_trickle--0.78.0--0.79.0.sql
#11 0.136 -rw-r--r-- 1 root root  90897 Sep 24 08:08 /usr/share/postgresql/18/extension/pg_trickle--0.78.0.sql
#11 0.136 -rw-r--r-- 1 root root   3050 Sep 24 08:08 /usr/share/postgresql/18/extension/pg_trickle--0.79.0--0.80.0.sql
#11 0.136 -rw-r--r-- 1 root root  92720 Sep 24 08:08 /usr/share/postgresql/18/extension/pg_trickle--0.79.0.sql
#11 0.136 -rw-r--r-- 1 root root   6934 Sep 24 08:08 /usr/share/postgresql/18/extension/pg_trickle--0.80.0--0.81.0.sql
#11 0.136 -rw-r--r-- 1 root root    800 May 27 16:52 /usr/share/postgresql/18/extension/pg_trickle--0.8.0--0.9.0.sql
#11 0.136 -rw-r--r-- 1 root root  92830 Sep 24 08:08 /usr/share/postgresql/18/extension/pg_trickle--0.80.0.sql
#11 0.136 -rw-r--r-- 1 root root  37989 May 27 16:52 /usr/share/postgresql/18/extension/pg_trickle--0.8.0.sql
#11 0.136 -rw-r--r-- 1 root root   3957 Sep 24 08:08 /usr/share/postgresql/18/extension/pg_trickle--0.81.0--0.81.1.sql
#11 0.136 -rw-r--r-- 1 root root  96467 Sep 24 08:08 /usr/share/postgresql/18/extension/pg_trickle--0.81.0.sql
#11 0.136 -rw-r--r-- 1 root root   6011 Sep 24 08:08 /usr/share/postgresql/18/extension/pg_trickle--0.81.1--0.82.0.sql
#11 0.136 -rw-r--r-- 1 root root  97064 Sep 24 08:08 /usr/share/postgresql/18/extension/pg_trickle--0.81.1.sql
#11 0.136 -rw-r--r-- 1 root root   4909 Sep 24 08:08 /usr/share/postgresql/18/extension/pg_trickle--0.82.0--0.83.0.sql
#11 0.136 -rw-r--r-- 1 root root  98086 Sep 24 08:08 /usr/share/postgresql/18/extension/pg_trickle--0.82.0.sql
#11 0.136 -rw-r--r-- 1 root root  15514 Sep 24 08:08 /usr/share/postgresql/18/extension/pg_trickle--0.83.0--0.84.0.sql
#11 0.136 -rw-r--r-- 1 root root  99033 Sep 24 08:08 /usr/share/postgresql/18/extension/pg_trickle--0.83.0.sql
#11 0.136 -rw-r--r-- 1 root root   4579 Sep 24 08:08 /usr/share/postgresql/18/extension/pg_trickle--0.84.0--0.85.0.sql
#11 0.136 -rw-r--r-- 1 root root 112368 Sep 24 08:08 /usr/share/postgresql/18/extension/pg_trickle--0.84.0.sql
#11 0.136 -rw-r--r-- 1 root root   8945 Sep 24 08:08 /usr/share/postgresql/18/extension/pg_trickle--0.85.0--0.86.0.sql
#11 0.136 -rw-r--r-- 1 root root 114497 Sep 24 08:08 /usr/share/postgresql/18/extension/pg_trickle--0.85.0.sql
#11 0.136 -rw-r--r-- 1 root root    458 Sep 24 08:08 /usr/share/postgresql/18/extension/pg_trickle--0.86.0--0.87.0.sql
#11 0.136 -rw-r--r-- 1 root root 118932 Sep 24 08:08 /usr/share/postgresql/18/extension/pg_trickle--0.86.0.sql
#11 0.136 -rw-r--r-- 1 root root    158 Sep 24 08:08 /usr/share/postgresql/18/extension/pg_trickle--0.87.0--0.87.1.sql
#11 0.136 -rw-r--r-- 1 root root 119003 Sep 24 08:08 /usr/share/postgresql/18/extension/pg_trickle--0.87.0.sql
#11 0.136 -rw-r--r-- 1 root root   1442 Sep 24 08:08 /usr/share/postgresql/18/extension/pg_trickle--0.87.10--0.87.11.sql
#11 0.136 -rw-r--r-- 1 root root    164 Sep 24 08:08 /usr/share/postgresql/18/extension/pg_trickle--0.87.1--0.87.2.sql
#11 0.136 -rw-r--r-- 1 root root 120766 Sep 24 08:08 /usr/share/postgresql/18/extension/pg_trickle--0.87.10.sql
#11 0.136 -rw-r--r-- 1 root root   4346 Sep 24 08:08 /usr/share/postgresql/18/extension/pg_trickle--0.87.11--0.87.12.sql
#11 0.136 -rw-r--r-- 1 root root 121036 Sep 24 08:08 /usr/share/postgresql/18/extension/pg_trickle--0.87.11.sql
#11 0.136 -rw-r--r-- 1 root root   2828 Sep 24 08:08 /usr/share/postgresql/18/extension/pg_trickle--0.87.12--0.87.13.sql
#11 0.136 -rw-r--r-- 1 root root 122139 Sep 24 08:08 /usr/share/postgresql/18/extension/pg_trickle--0.87.12.sql
#11 0.136 -rw-r--r-- 1 root root    189 Sep 24 08:08 /usr/share/postgresql/18/extension/pg_trickle--0.87.13--0.87.14.sql
#11 0.136 -rw-r--r-- 1 root root 124032 Sep 24 08:08 /usr/share/postgresql/18/extension/pg_trickle--0.87.13.sql
#11 0.136 -rw-r--r-- 1 root root    462 Sep 24 08:08 /usr/share/postgresql/18/extension/pg_trickle--0.87.14--0.87.15.sql
#11 0.136 -rw-r--r-- 1 root root 123856 Sep 24 08:08 /usr/share/postgresql/18/extension/pg_trickle--0.87.14.sql
#11 0.136 -rw-r--r-- 1 root root   1158 Sep 24 08:08 /usr/share/postgresql/18/extension/pg_trickle--0.87.15--0.87.16.sql
#11 0.136 -rw-r--r-- 1 root root 124595 Sep 24 08:08 /usr/share/postgresql/18/extension/pg_trickle--0.87.15.sql
#11 0.136 -rw-r--r-- 1 root root  18140 Sep 24 08:08 /usr/share/postgresql/18/extension/pg_trickle--0.87.16--0.87.17.sql
#11 0.136 -rw-r--r-- 1 root root 124927 Sep 24 08:08 /usr/share/postgresql/18/extension/pg_trickle--0.87.16.sql
#11 0.136 -rw-r--r-- 1 root root    651 Sep 24 08:08 /usr/share/postgresql/18/extension/pg_trickle--0.87.17--0.88.0.sql
#11 0.136 -rw-r--r-- 1 root root 143151 Sep 24 08:08 /usr/share/postgresql/18/extension/pg_trickle--0.87.17.sql
#11 0.136 -rw-r--r-- 1 root root 119162 Sep 24 08:08 /usr/share/postgresql/18/extension/pg_trickle--0.87.1.sql
#11 0.136 -rw-r--r-- 1 root root    159 Sep 24 08:08 /usr/share/postgresql/18/extension/pg_trickle--0.87.2--0.87.3.sql
#11 0.136 -rw-r--r-- 1 root root 118991 Sep 24 08:08 /usr/share/postgresql/18/extension/pg_trickle--0.87.2.sql
#11 0.136 -rw-r--r-- 1 root root    168 Sep 24 08:08 /usr/share/postgresql/18/extension/pg_trickle--0.87.3--0.87.4.sql
#11 0.136 -rw-r--r-- 1 root root 118991 Sep 24 08:08 /usr/share/postgresql/18/extension/pg_trickle--0.87.3.sql
#11 0.136 -rw-r--r-- 1 root root    167 Sep 24 08:08 /usr/share/postgresql/18/extension/pg_trickle--0.87.4--0.87.5.sql
#11 0.136 -rw-r--r-- 1 root root 118991 Sep 24 08:08 /usr/share/postgresql/18/extension/pg_trickle--0.87.4.sql
#11 0.136 -rw-r--r-- 1 root root    180 Sep 24 08:08 /usr/share/postgresql/18/extension/pg_trickle--0.87.5--0.87.6.sql
#11 0.136 -rw-r--r-- 1 root root 119162 Sep 24 08:08 /usr/share/postgresql/18/extension/pg_trickle--0.87.5.sql
#11 0.136 -rw-r--r-- 1 root root   1845 Sep 24 08:08 /usr/share/postgresql/18/extension/pg_trickle--0.87.6--0.87.7.sql
#11 0.136 -rw-r--r-- 1 root root 119162 Sep 24 08:08 /usr/share/postgresql/18/extension/pg_trickle--0.87.6.sql
#11 0.136 -rw-r--r-- 1 root root    294 Sep 24 08:08 /usr/share/postgresql/18/extension/pg_trickle--0.87.7--0.87.8.sql
#11 0.136 -rw-r--r-- 1 root root 119447 Sep 24 08:08 /usr/share/postgresql/18/extension/pg_trickle--0.87.7.sql
#11 0.136 -rw-r--r-- 1 root root   2337 Sep 24 08:08 /usr/share/postgresql/18/extension/pg_trickle--0.87.8--0.87.9.sql
#11 0.136 -rw-r--r-- 1 root root 119447 Sep 24 08:08 /usr/share/postgresql/18/extension/pg_trickle--0.87.8.sql
#11 0.136 -rw-r--r-- 1 root root   6527 Sep 24 08:08 /usr/share/postgresql/18/extension/pg_trickle--0.87.9--0.87.10.sql
#11 0.136 -rw-r--r-- 1 root root 119648 Sep 24 08:08 /usr/share/postgresql/18/extension/pg_trickle--0.87.9.sql
#11 0.136 -rw-r--r-- 1 root root   1508 Sep 24 08:08 /usr/share/postgresql/18/extension/pg_trickle--0.88.0--0.89.0.sql
#11 0.136 -rw-r--r-- 1 root root 143695 Sep 24 08:08 /usr/share/postgresql/18/extension/pg_trickle--0.88.0.sql
#11 0.136 -rw-r--r-- 1 root root  10202 Sep 24 08:08 /usr/share/postgresql/18/extension/pg_trickle--0.89.0--0.90.0.sql
#11 0.136 -rw-r--r-- 1 root root 145452 Sep 24 08:08 /usr/share/postgresql/18/extension/pg_trickle--0.89.0.sql
#11 0.136 -rw-r--r-- 1 root root    961 Sep 24 08:08 /usr/share/postgresql/18/extension/pg_trickle--0.90.0--0.91.0.sql
#11 0.136 -rw-r--r-- 1 root root   4898 May 27 16:52 /usr/share/postgresql/18/extension/pg_trickle--0.9.0--0.10.0.sql
#11 0.136 -rw-r--r-- 1 root root 150232 Sep 24 08:08 /usr/share/postgresql/18/extension/pg_trickle--0.90.0.sql
#11 0.136 -rw-r--r-- 1 root root  38725 May 27 16:52 /usr/share/postgresql/18/extension/pg_trickle--0.9.0.sql
#11 0.136 -rw-r--r-- 1 root root   3214 Sep 24 08:08 /usr/share/postgresql/18/extension/pg_trickle--0.91.0--0.92.0.sql
#11 0.136 -rw-r--r-- 1 root root 151252 Sep 24 08:08 /usr/share/postgresql/18/extension/pg_trickle--0.91.0.sql
#11 0.136 -rw-r--r-- 1 root root  11232 Sep 24 08:08 /usr/share/postgresql/18/extension/pg_trickle--0.92.0--0.93.0.sql
#11 0.136 -rw-r--r-- 1 root root 153878 Sep 24 08:08 /usr/share/postgresql/18/extension/pg_trickle--0.92.0.sql
#11 0.136 -rw-r--r-- 1 root root    946 Sep 24 08:08 /usr/share/postgresql/18/extension/pg_trickle--0.93.0--0.94.0.sql
#11 0.136 -rw-r--r-- 1 root root 159475 Sep 24 08:08 /usr/share/postgresql/18/extension/pg_trickle--0.93.0.sql
#11 0.136 -rw-r--r-- 1 root root   7348 Sep 24 08:08 /usr/share/postgresql/18/extension/pg_trickle--0.94.0--0.95.0.sql
#11 0.136 -rw-r--r-- 1 root root 160136 Sep 24 08:08 /usr/share/postgresql/18/extension/pg_trickle--0.94.0.sql
#11 0.136 -rw-r--r-- 1 root root   4425 Sep 24 08:08 /usr/share/postgresql/18/extension/pg_trickle--0.95.0--0.96.0.sql
#11 0.137 -rw-r--r-- 1 root root 169471 Sep 24 08:08 /usr/share/postgresql/18/extension/pg_trickle--0.95.0.sql
#11 0.137 -rw-r--r-- 1 root root    369 Sep 24 08:08 /usr/share/postgresql/18/extension/pg_trickle--0.96.0--0.97.0.sql
#11 0.137 -rw-r--r-- 1 root root 174333 Sep 24 08:08 /usr/share/postgresql/18/extension/pg_trickle--0.96.0.sql
#11 0.137 -rw-r--r-- 1 root root   1397 Sep 24 08:08 /usr/share/postgresql/18/extension/pg_trickle--0.97.0--0.98.0.sql
#11 0.137 -rw-r--r-- 1 root root 174528 Sep 24 08:08 /usr/share/postgresql/18/extension/pg_trickle--0.97.0.sql
#11 0.137 -rw-r--r-- 1 root root    200 Sep 24 08:08 /usr/share/postgresql/18/extension/pg_trickle--0.98.0--0.98.1.sql
#11 0.137 -rw-r--r-- 1 root root 174815 Sep 24 08:08 /usr/share/postgresql/18/extension/pg_trickle--0.98.0.sql
#11 0.137 -rw-r--r-- 1 root root    188 Sep 24 08:08 /usr/share/postgresql/18/extension/pg_trickle--0.98.1--0.99.0.sql
#11 0.137 -rw-r--r-- 1 root root 174815 Sep 24 08:08 /usr/share/postgresql/18/extension/pg_trickle--0.98.1.sql
#11 0.137 -rw-r--r-- 1 root root    187 Sep 24 08:08 /usr/share/postgresql/18/extension/pg_trickle--0.99.0--0.100.0.sql
#11 0.137 -rw-r--r-- 1 root root 174612 Sep 24 08:08 /usr/share/postgresql/18/extension/pg_trickle--0.99.0.sql
#11 0.137 -rw-r--r-- 1 root root    205 Sep 27 02:07 /usr/share/postgresql/18/extension/pg_trickle.control
#11 0.138 ===========================================
#11 DONE 0.1s

#12 exporting to image
#12 exporting layers
#12 exporting layers 0.3s done
#12 exporting manifest sha256:3d550aa923a82a846ee09b9dcecc125344120b501529b0448950ec6d42d3e032 done
#12 exporting config sha256:cbb6178862b51dcab3ab691ccb2edb566d4410e0184e61493187e9abc101d975 done
#12 exporting attestation manifest sha256:19e54f075863e19738e95376f8052f030108197478f6a70b1e33dc360c196269 done
#12 exporting manifest list sha256:afd602ea88933721bb29c0119c1d33c2533658d8f7019b5f3330667fd250a3ba done
#12 naming to docker.io/library/pg_trickle_upgrade_e2e:latest done
#12 DONE 0.3s

━━━━━━━━━━━━━━━━━━━━━━━━━━━━━━━━━━━━━━━━━━━━━━━━━━━━━━━━━━━━
  ✓ Image built: pg_trickle_upgrade_e2e:latest
  Upgrade path: 0.108.0 → 0.108.1
━━━━━━━━━━━━━━━━━━━━━━━━━━━━━━━━━━━━━━━━━━━━━━━━━━━━━━━━━━━━

To test manually:
  docker run --rm -d --name pgs-upgrade -e POSTGRES_PASSWORD=postgres -p 15432:5432 pg_trickle_upgrade_e2e:latest
  sleep 3
  psql -h localhost -p 15432 -U postgres -c "CREATE EXTENSION pg_trickle VERSION '0.108.0';"
  psql -h localhost -p 15432 -U postgres -c "ALTER EXTENSION pg_trickle UPDATE TO '0.108.1';"
  docker stop pgs-upgrade
PGS_E2E_IMAGE=pg_trickle_upgrade_e2e:latest PGS_UPGRADE_FROM=0.108.0 PGS_UPGRADE_TO=0.108.1 ./scripts/run_e2e_tests.sh --test e2e_upgrade_tests --run-ignored all --no-capture
Full E2E run id: full-e2e-94487-1790475211
   Compiling pg_trickle v0.108.1 (/Users/grove/projects/pg-trickle3)
    Finished `test` profile [unoptimized + debuginfo] target(s) in 2.33s
────────────
 Nextest run ID bf4ab3dc-535b-4648-a514-4bceb377841b with nextest profile: default
    Starting 33 tests across 1 binary
       START [         ] ( 1/33) pg_trickle::e2e_upgrade_tests e2e::oracle::tests::admission_classification_requires_structured_unsupported_reason

running 1 test
test e2e::oracle::tests::admission_classification_requires_structured_unsupported_reason ... ok

test result: ok. 1 passed; 0 failed; 0 ignored; 0 measured; 32 filtered out; finished in 0.00s

        PASS [   0.022s] ( 1/33) pg_trickle::e2e_upgrade_tests e2e::oracle::tests::admission_classification_requires_structured_unsupported_reason
       START [         ] ( 2/33) pg_trickle::e2e_upgrade_tests e2e::oracle::tests::schema_oracle_checks_names_typmods_and_collations

running 1 test
test e2e::oracle::tests::schema_oracle_checks_names_typmods_and_collations ... ok

test result: ok. 1 passed; 0 failed; 0 ignored; 0 measured; 32 filtered out; finished in 0.00s

        PASS [   0.017s] ( 2/33) pg_trickle::e2e_upgrade_tests e2e::oracle::tests::schema_oracle_checks_names_typmods_and_collations
       START [         ] ( 3/33) pg_trickle::e2e_upgrade_tests e2e::oracle::tests::schema_oracle_rejects_type_differences_by_default

running 1 test
test e2e::oracle::tests::schema_oracle_rejects_type_differences_by_default ... ok

test result: ok. 1 passed; 0 failed; 0 ignored; 0 measured; 32 filtered out; finished in 0.00s

        PASS [   0.013s] ( 3/33) pg_trickle::e2e_upgrade_tests e2e::oracle::tests::schema_oracle_rejects_type_differences_by_default
       START [         ] ( 4/33) pg_trickle::e2e_upgrade_tests test_upgrade_catalog_indexes_present

running 1 test
test test_upgrade_catalog_indexes_present ... ok

test result: ok. 1 passed; 0 failed; 0 ignored; 0 measured; 32 filtered out; finished in 3.61s

        PASS [   3.850s] ( 4/33) pg_trickle::e2e_upgrade_tests test_upgrade_catalog_indexes_present
       START [         ] ( 5/33) pg_trickle::e2e_upgrade_tests test_upgrade_catalog_schema_stability

running 1 test
test test_upgrade_catalog_schema_stability ... ok

test result: ok. 1 passed; 0 failed; 0 ignored; 0 measured; 32 filtered out; finished in 3.64s

        PASS [   3.904s] ( 5/33) pg_trickle::e2e_upgrade_tests test_upgrade_catalog_schema_stability
       START [         ] ( 6/33) pg_trickle::e2e_upgrade_tests test_upgrade_chain_event_triggers_present

running 1 test
test test_upgrade_chain_event_triggers_present ... ok

test result: ok. 1 passed; 0 failed; 0 ignored; 0 measured; 32 filtered out; finished in 3.42s

        PASS [   3.670s] ( 6/33) pg_trickle::e2e_upgrade_tests test_upgrade_chain_event_triggers_present
       START [         ] ( 7/33) pg_trickle::e2e_upgrade_tests test_upgrade_chain_function_parity_with_fresh_install

running 1 test
test test_upgrade_chain_function_parity_with_fresh_install ... ok

test result: ok. 1 passed; 0 failed; 0 ignored; 0 measured; 32 filtered out; finished in 3.64s

        PASS [   3.896s] ( 7/33) pg_trickle::e2e_upgrade_tests test_upgrade_chain_function_parity_with_fresh_install
       START [         ] ( 8/33) pg_trickle::e2e_upgrade_tests test_upgrade_chain_new_functions_exist

running 1 test
test test_upgrade_chain_new_functions_exist ... ok

test result: ok. 1 passed; 0 failed; 0 ignored; 0 measured; 32 filtered out; finished in 3.51s

        PASS [   3.766s] ( 8/33) pg_trickle::e2e_upgrade_tests test_upgrade_chain_new_functions_exist
       START [         ] ( 9/33) pg_trickle::e2e_upgrade_tests test_upgrade_chain_stream_tables_survive

running 1 test
test test_upgrade_chain_stream_tables_survive ... ok

test result: ok. 1 passed; 0 failed; 0 ignored; 0 measured; 32 filtered out; finished in 3.67s

        PASS [   3.929s] ( 9/33) pg_trickle::e2e_upgrade_tests test_upgrade_chain_stream_tables_survive
       START [         ] (10/33) pg_trickle::e2e_upgrade_tests test_upgrade_chain_version_consistency

running 1 test
test test_upgrade_chain_version_consistency ... ok

test result: ok. 1 passed; 0 failed; 0 ignored; 0 measured; 32 filtered out; finished in 3.42s

        PASS [   3.671s] (10/33) pg_trickle::e2e_upgrade_tests test_upgrade_chain_version_consistency
       START [         ] (11/33) pg_trickle::e2e_upgrade_tests test_upgrade_chain_views_queryable

running 1 test
test test_upgrade_chain_views_queryable ... ok

test result: ok. 1 passed; 0 failed; 0 ignored; 0 measured; 32 filtered out; finished in 3.45s

        PASS [   3.708s] (11/33) pg_trickle::e2e_upgrade_tests test_upgrade_chain_views_queryable
       START [         ] (12/33) pg_trickle::e2e_upgrade_tests test_upgrade_dependencies_schema_stability

running 1 test
test test_upgrade_dependencies_schema_stability ... ok

test result: ok. 1 passed; 0 failed; 0 ignored; 0 measured; 32 filtered out; finished in 3.37s

        PASS [   3.622s] (12/33) pg_trickle::e2e_upgrade_tests test_upgrade_dependencies_schema_stability
       START [         ] (13/33) pg_trickle::e2e_upgrade_tests test_upgrade_drop_recreate_roundtrip

running 1 test
test test_upgrade_drop_recreate_roundtrip ... ok

test result: ok. 1 passed; 0 failed; 0 ignored; 0 measured; 32 filtered out; finished in 3.94s

        PASS [   4.197s] (13/33) pg_trickle::e2e_upgrade_tests test_upgrade_drop_recreate_roundtrip
       START [         ] (14/33) pg_trickle::e2e_upgrade_tests test_upgrade_event_triggers_installed

running 1 test
test test_upgrade_event_triggers_installed ... ok

test result: ok. 1 passed; 0 failed; 0 ignored; 0 measured; 32 filtered out; finished in 3.29s

        PASS [   3.533s] (14/33) pg_trickle::e2e_upgrade_tests test_upgrade_event_triggers_installed
       START [         ] (15/33) pg_trickle::e2e_upgrade_tests test_upgrade_extension_version_consistency

running 1 test
test test_upgrade_extension_version_consistency ... ok

test result: ok. 1 passed; 0 failed; 0 ignored; 0 measured; 32 filtered out; finished in 3.28s

        PASS [   3.505s] (15/33) pg_trickle::e2e_upgrade_tests test_upgrade_extension_version_consistency
       START [         ] (16/33) pg_trickle::e2e_upgrade_tests test_upgrade_major_version_active_stream_table_with_pending_deltas

running 1 test
test test_upgrade_major_version_active_stream_table_with_pending_deltas ... ok

test result: ok. 1 passed; 0 failed; 0 ignored; 0 measured; 32 filtered out; finished in 4.74s

        PASS [   4.981s] (16/33) pg_trickle::e2e_upgrade_tests test_upgrade_major_version_active_stream_table_with_pending_deltas
       START [         ] (17/33) pg_trickle::e2e_upgrade_tests test_upgrade_migration_era_catalog_tables_and_config_dump_policy_present

running 1 test
test test_upgrade_migration_era_catalog_tables_and_config_dump_policy_present ... ok

test result: ok. 1 passed; 0 failed; 0 ignored; 0 measured; 32 filtered out; finished in 3.40s

        PASS [   3.625s] (17/33) pg_trickle::e2e_upgrade_tests test_upgrade_migration_era_catalog_tables_and_config_dump_policy_present
       START [         ] (18/33) pg_trickle::e2e_upgrade_tests test_upgrade_monitoring_views_present

running 1 test
test test_upgrade_monitoring_views_present ... ok

test result: ok. 1 passed; 0 failed; 0 ignored; 0 measured; 32 filtered out; finished in 3.30s

        PASS [   3.536s] (18/33) pg_trickle::e2e_upgrade_tests test_upgrade_monitoring_views_present
       START [         ] (19/33) pg_trickle::e2e_upgrade_tests test_upgrade_preflight_reports_stable_statuses

running 1 test
test test_upgrade_preflight_reports_stable_statuses ... ok

test result: ok. 1 passed; 0 failed; 0 ignored; 0 measured; 32 filtered out; finished in 3.37s

        PASS [   3.608s] (19/33) pg_trickle::e2e_upgrade_tests test_upgrade_preflight_reports_stable_statuses
       START [         ] (20/33) pg_trickle::e2e_upgrade_tests test_upgrade_quick_health_reports_broken_immediate_cascades

running 1 test
test test_upgrade_quick_health_reports_broken_immediate_cascades ... ok

test result: ok. 1 passed; 0 failed; 0 ignored; 0 measured; 32 filtered out; finished in 9.75s

        PASS [  10.000s] (20/33) pg_trickle::e2e_upgrade_tests test_upgrade_quick_health_reports_broken_immediate_cascades
       START [         ] (21/33) pg_trickle::e2e_upgrade_tests test_upgrade_quiesce_preserves_pending_deltas

running 1 test
test test_upgrade_quiesce_preserves_pending_deltas ... ok

test result: ok. 1 passed; 0 failed; 0 ignored; 0 measured; 32 filtered out; finished in 4.76s

        PASS [   5.011s] (21/33) pg_trickle::e2e_upgrade_tests test_upgrade_quiesce_preserves_pending_deltas
       START [         ] (22/33) pg_trickle::e2e_upgrade_tests test_upgrade_refresh_history_fk_cascade

running 1 test
test test_upgrade_refresh_history_fk_cascade ... ok

test result: ok. 1 passed; 0 failed; 0 ignored; 0 measured; 32 filtered out; finished in 3.59s

        PASS [   3.840s] (22/33) pg_trickle::e2e_upgrade_tests test_upgrade_refresh_history_fk_cascade
       START [         ] (23/33) pg_trickle::e2e_upgrade_tests test_upgrade_schema_additions_from_sql

running 1 test
Checking schema additions from 1 upgrade script(s) (0.108.0 → 0.108.1)
Verified 1 schema object(s) from upgrade SQL scripts
test test_upgrade_schema_additions_from_sql ... ok

test result: ok. 1 passed; 0 failed; 0 ignored; 0 measured; 32 filtered out; finished in 3.46s

        PASS [   3.700s] (23/33) pg_trickle::e2e_upgrade_tests test_upgrade_schema_additions_from_sql
       START [         ] (24/33) pg_trickle::e2e_upgrade_tests test_upgrade_schema_version_table_present

running 1 test
test test_upgrade_schema_version_table_present ... ok

test result: ok. 1 passed; 0 failed; 0 ignored; 0 measured; 32 filtered out; finished in 3.45s

        PASS [   3.703s] (24/33) pg_trickle::e2e_upgrade_tests test_upgrade_schema_version_table_present
       START [         ] (25/33) pg_trickle::e2e_upgrade_tests test_upgrade_v019_catalog_indexes_present

running 1 test
test test_upgrade_v019_catalog_indexes_present ... ok

test result: ok. 1 passed; 0 failed; 0 ignored; 0 measured; 32 filtered out; finished in 3.48s

        PASS [   3.724s] (25/33) pg_trickle::e2e_upgrade_tests test_upgrade_v019_catalog_indexes_present
       START [         ] (26/33) pg_trickle::e2e_upgrade_tests test_upgrade_v078_catalog_additions

running 1 test
test test_upgrade_v078_catalog_additions ... ok

test result: ok. 1 passed; 0 failed; 0 ignored; 0 measured; 32 filtered out; finished in 3.47s

        PASS [   3.710s] (26/33) pg_trickle::e2e_upgrade_tests test_upgrade_v078_catalog_additions
       START [         ] (27/33) pg_trickle::e2e_upgrade_tests test_upgrade_v079_new_functions

running 1 test
test test_upgrade_v079_new_functions ... ok

test result: ok. 1 passed; 0 failed; 0 ignored; 0 measured; 32 filtered out; finished in 3.47s

        PASS [   3.715s] (27/33) pg_trickle::e2e_upgrade_tests test_upgrade_v079_new_functions
       START [         ] (28/33) pg_trickle::e2e_upgrade_tests test_upgrade_v080_metrics_summary_columns

running 1 test
test test_upgrade_v080_metrics_summary_columns ... ok

test result: ok. 1 passed; 0 failed; 0 ignored; 0 measured; 32 filtered out; finished in 3.48s

        PASS [   3.715s] (28/33) pg_trickle::e2e_upgrade_tests test_upgrade_v080_metrics_summary_columns
       START [         ] (29/33) pg_trickle::e2e_upgrade_tests test_upgrade_v08713_backfills_outbox_provenance

running 1 test
SKIP: requires the 0.87.12 -> 0.87.13 upgrade image
test test_upgrade_v08713_backfills_outbox_provenance ... ok

test result: ok. 1 passed; 0 failed; 0 ignored; 0 measured; 32 filtered out; finished in 0.00s

        PASS [   0.013s] (29/33) pg_trickle::e2e_upgrade_tests test_upgrade_v08713_backfills_outbox_provenance
       START [         ] (30/33) pg_trickle::e2e_upgrade_tests test_upgrade_v0877_backfills_defining_search_path

running 1 test
SKIP: requires the 0.87.6 -> 0.87.7 upgrade image
test test_upgrade_v0877_backfills_defining_search_path ... ok

test result: ok. 1 passed; 0 failed; 0 ignored; 0 measured; 32 filtered out; finished in 0.00s

        PASS [   0.012s] (30/33) pg_trickle::e2e_upgrade_tests test_upgrade_v0877_backfills_defining_search_path
       START [         ] (31/33) pg_trickle::e2e_upgrade_tests test_upgrade_v0877_missing_storage_aborts_before_catalog_mutation

running 1 test
SKIP: requires the 0.87.6 -> 0.87.7 upgrade image
test test_upgrade_v0877_missing_storage_aborts_before_catalog_mutation ... ok

test result: ok. 1 passed; 0 failed; 0 ignored; 0 measured; 32 filtered out; finished in 0.00s

        PASS [   0.011s] (31/33) pg_trickle::e2e_upgrade_tests test_upgrade_v0877_missing_storage_aborts_before_catalog_mutation
       START [         ] (32/33) pg_trickle::e2e_upgrade_tests test_upgrade_v088_window_catalog_rows_remain_valid

running 1 test
test test_upgrade_v088_window_catalog_rows_remain_valid ... ok

test result: ok. 1 passed; 0 failed; 0 ignored; 0 measured; 32 filtered out; finished in 0.00s

        PASS [   0.011s] (32/33) pg_trickle::e2e_upgrade_tests test_upgrade_v088_window_catalog_rows_remain_valid
       START [         ] (33/33) pg_trickle::e2e_upgrade_tests test_upgrade_v090_catalog_additions

running 1 test
SKIP: test_upgrade_v090_catalog_additions is a fresh-install schema assertion for the standard E2E image
test test_upgrade_v090_catalog_additions ... ok

test result: ok. 1 passed; 0 failed; 0 ignored; 0 measured; 32 filtered out; finished in 0.00s

        PASS [   0.011s] (33/33) pg_trickle::e2e_upgrade_tests test_upgrade_v090_catalog_additions
────────────
     Summary [ 102.237s] 33 tests run: 33 passed, 0 skipped
