Full E2E run id: full-e2e-90164-1790475087
    Finished `test` profile [unoptimized + debuginfo] target(s) in 0.19s
────────────
 Nextest run ID 5d292ea4-e05f-450d-bfb8-1de9b972080e with nextest profile: default
    Starting 92 tests across 4 binaries
        PASS [   0.013s] ( 1/92) pg_trickle::e2e_ivm_tests e2e::oracle::tests::admission_classification_requires_structured_unsupported_reason
        PASS [   0.013s] ( 2/92) pg_trickle::e2e_ivm_tests e2e::oracle::tests::schema_oracle_checks_names_typmods_and_collations
        PASS [   0.013s] ( 3/92) pg_trickle::e2e_ivm_tests e2e::oracle::tests::schema_oracle_rejects_type_differences_by_default
        PASS [   5.071s] ( 4/92) pg_trickle::e2e_ivm_tests test_ivm_allow_aggregate_in_immediate
        PASS [   5.204s] ( 5/92) pg_trickle::e2e_ivm_tests test_ivm_allow_join_in_immediate
        PASS [   5.300s] ( 6/92) pg_trickle::e2e_ivm_tests test_full_upstream_refresh_propagates_to_immediate_child_without_buffer
        PASS [   5.331s] ( 7/92) pg_trickle::e2e_ivm_tests test_immediate_aggregate_captures_public_columns_for_deferred_child
        PASS [   5.081s] ( 8/92) pg_trickle::e2e_ivm_tests test_ivm_alter_differential_to_immediate
        PASS [   4.991s] ( 9/92) pg_trickle::e2e_ivm_tests test_ivm_alter_full_to_immediate
        PASS [   4.939s] (10/92) pg_trickle::e2e_ivm_tests test_ivm_alter_immediate_to_full
        PASS [   5.066s] (11/92) pg_trickle::e2e_ivm_tests test_ivm_alter_immediate_to_differential
        PASS [   4.962s] (12/92) pg_trickle::e2e_ivm_tests test_ivm_alter_to_immediate_allows_window
        PASS [   4.920s] (13/92) pg_trickle::e2e_ivm_tests test_ivm_ambiguous_suspension_survives_delta_and_alter_resume
        PASS [   5.125s] (14/92) pg_trickle::e2e_ivm_tests test_ivm_alter_to_immediate_allows_recursive_cte
        PASS [   5.359s] (15/92) pg_trickle::e2e_ivm_tests test_ivm_alter_stream_table_source_to_immediate
        PASS [   5.042s] (16/92) pg_trickle::e2e_ivm_tests test_ivm_create_simple_select
        PASS [   4.908s] (17/92) pg_trickle::e2e_ivm_tests test_ivm_delete_propagates_immediately
        PASS [   5.521s] (18/92) pg_trickle::e2e_ivm_tests test_ivm_concurrent_inserts_immediate
        PASS [   5.642s] (19/92) pg_trickle::e2e_ivm_tests test_ivm_cascading_immediate_sts
        PASS [   4.986s] (20/92) pg_trickle::e2e_ivm_tests test_ivm_drop_cleans_up_triggers
        PASS [   4.598s] (21/92) pg_trickle::e2e_ivm_tests test_ivm_lateral_insert_with_mutable_inner_source_is_rejected
        PASS [   4.754s] (22/92) pg_trickle::e2e_ivm_tests test_ivm_insert_propagates_immediately
        PASS [   5.660s] (23/92) pg_trickle::e2e_ivm_tests test_ivm_full_refresh_preserves_immediate_descendants
        PASS [   4.782s] (24/92) pg_trickle::e2e_ivm_tests test_ivm_lateral_join_with_mutable_inner_source_is_rejected
        PASS [   4.714s] (25/92) pg_trickle::e2e_ivm_tests test_ivm_manual_refresh_does_full_refresh
        PASS [   4.870s] (26/92) pg_trickle::e2e_ivm_tests test_ivm_legacy_delta_skips_suspended_table
        PASS [   4.869s] (27/92) pg_trickle::e2e_ivm_tests test_ivm_mixed_operations_in_sequence
        PASS [   4.736s] (28/92) pg_trickle::e2e_ivm_tests test_ivm_recursive_cte_immediate_allowed
        PASS [   4.945s] (29/92) pg_trickle::e2e_ivm_tests test_ivm_multi_row_insert
        PASS [   4.724s] (30/92) pg_trickle::e2e_ivm_tests test_ivm_scalar_subquery_create_succeeds
        PASS [   5.640s] (31/92) pg_trickle::e2e_ivm_tests test_ivm_replacement_failure_rolls_back_and_recovers
        PASS [   4.922s] (32/92) pg_trickle::e2e_ivm_tests test_ivm_suspended_writes_preserve_state_and_resume_rebuilds
        PASS [   4.941s] (33/92) pg_trickle::e2e_ivm_tests test_ivm_topk_captures_changes_for_deferred_child
        PASS [   4.666s] (34/92) pg_trickle::e2e_ivm_tests test_ivm_topk_immediate_within_threshold
        PASS [   6.910s] (35/92) pg_trickle::e2e_ivm_tests test_ivm_scheduled_full_refresh_preserves_immediate_descendants
        PASS [   4.885s] (36/92) pg_trickle::e2e_ivm_tests test_ivm_update_propagates_immediately
        PASS [   4.953s] (37/92) pg_trickle::e2e_ivm_tests test_ivm_truncate_clears_and_repopulates
        PASS [   6.000s] (38/92) pg_trickle::e2e_ivm_tests test_ivm_truncate_captures_deferred_changes
        PASS [   0.018s] (39/92) pg_trickle::e2e_phase4_ergonomics_tests e2e::oracle::tests::admission_classification_requires_structured_unsupported_reason
        PASS [   0.015s] (40/92) pg_trickle::e2e_phase4_ergonomics_tests e2e::oracle::tests::schema_oracle_checks_names_typmods_and_collations
        PASS [   0.011s] (41/92) pg_trickle::e2e_phase4_ergonomics_tests e2e::oracle::tests::schema_oracle_rejects_type_differences_by_default
        PASS [   4.853s] (42/92) pg_trickle::e2e_ivm_tests test_ivm_window_function_create_succeeds
        PASS [   4.826s] (43/92) pg_trickle::e2e_ivm_tests test_ivm_window_insert_propagates
        PASS [   4.920s] (44/92) pg_trickle::e2e_ivm_tests test_sec002_ivm_trigger_not_shadowed_by_public_pgtrickle
        PASS [   4.697s] (45/92) pg_trickle::e2e_phase4_ergonomics_tests test_create_if_not_exists_creates_when_missing
        PASS [   4.910s] (46/92) pg_trickle::e2e_phase4_ergonomics_tests test_create_if_not_exists_ignores_query_difference
        PASS [   5.202s] (47/92) pg_trickle::e2e_phase4_ergonomics_tests test_create_if_not_exists_noop_when_exists
        PASS [   5.103s] (48/92) pg_trickle::e2e_phase4_ergonomics_tests test_erg_t1_alter_to_calculated_schedule
        PASS [   4.937s] (49/92) pg_trickle::e2e_phase4_ergonomics_tests test_erg_t1_calculated_schedule_accepted
        PASS [   5.140s] (50/92) pg_trickle::e2e_phase4_ergonomics_tests test_erg_t1_default_schedule_is_calculated
        PASS [   4.958s] (51/92) pg_trickle::e2e_phase4_ergonomics_tests test_erg_t2_diamond_consistency_guc_removed
        PASS [   5.080s] (52/92) pg_trickle::e2e_phase4_ergonomics_tests test_erg_t1_null_schedule_rejected
        PASS [   5.229s] (53/92) pg_trickle::e2e_phase4_ergonomics_tests test_erg_t1_explicit_fixed_schedule_works
        PASS [   4.882s] (54/92) pg_trickle::e2e_phase4_ergonomics_tests test_erg_t2_diamond_schedule_policy_guc_removed
        PASS [   5.084s] (55/92) pg_trickle::e2e_phase4_ergonomics_tests test_erg_t3_alter_same_mode_no_warning
        PASS [   5.291s] (56/92) pg_trickle::e2e_phase4_ergonomics_tests test_erg_t3_alter_refresh_mode_emits_warning
        PASS [   5.385s] (57/92) pg_trickle::e2e_phase4_ergonomics_tests test_erg_t3_alter_query_emits_warning
        PASS [   4.638s] (58/92) pg_trickle::e2e_phase4_ergonomics_tests test_erg_t4_no_wal_warning_when_wal_level_logical
        PASS [   4.735s] (59/92) pg_trickle::e2e_phase4_ergonomics_tests test_quick_health_empty_status
        PASS [   5.323s] (60/92) pg_trickle::e2e_phase4_ergonomics_tests test_manual_differential_refresh_records_history
        PASS [   5.215s] (61/92) pg_trickle::e2e_phase4_ergonomics_tests test_manual_refresh_records_initiated_by_manual
        PASS [   0.021s] (62/92) pg_trickle::e2e_repair_tests e2e::oracle::tests::admission_classification_requires_structured_unsupported_reason
        PASS [   0.016s] (63/92) pg_trickle::e2e_repair_tests e2e::oracle::tests::schema_oracle_checks_names_typmods_and_collations
        PASS [   5.317s] (64/92) pg_trickle::e2e_phase4_ergonomics_tests test_manual_refresh_records_completed_status
        PASS [   0.014s] (65/92) pg_trickle::e2e_repair_tests e2e::oracle::tests::schema_oracle_rejects_type_differences_by_default
        PASS [   4.868s] (66/92) pg_trickle::e2e_phase4_ergonomics_tests test_quick_health_returns_one_row
        PASS [   5.179s] (67/92) pg_trickle::e2e_phase4_ergonomics_tests test_quick_health_ok_status
        PASS [   5.362s] (68/92) pg_trickle::e2e_repair_tests test_immediate_repair_preserves_shared_deferred_cdc
        PASS [   5.489s] (69/92) pg_trickle::e2e_repair_tests test_immediate_repair_and_reinitialize_restore_ivm_without_cdc
        PASS [   4.989s] (70/92) pg_trickle::e2e_repair_tests test_immediate_resume_rebuilds_without_cdc_buffer
        PASS [   4.449s] (71/92) pg_trickle::e2e_repair_tests test_repair_stream_table_nonexistent_raises_error
        PASS [   5.191s] (72/92) pg_trickle::e2e_repair_tests test_ivm_documented_cascade_recovery_restores_results
        PASS [   4.921s] (73/92) pg_trickle::e2e_repair_tests test_repair_stream_table_data_correct_after_refresh
        PASS [   0.021s] (74/92) pg_trickle::e2e_user_trigger_tests e2e::oracle::tests::admission_classification_requires_structured_unsupported_reason
        PASS [   0.017s] (75/92) pg_trickle::e2e_user_trigger_tests e2e::oracle::tests::schema_oracle_checks_names_typmods_and_collations
        PASS [   0.012s] (76/92) pg_trickle::e2e_user_trigger_tests e2e::oracle::tests::schema_oracle_rejects_type_differences_by_default
        PASS [   5.041s] (77/92) pg_trickle::e2e_repair_tests test_repair_stream_table_qualified_name
        PASS [   4.911s] (78/92) pg_trickle::e2e_repair_tests test_repair_stream_table_resets_error_state
        PASS [   4.794s] (79/92) pg_trickle::e2e_repair_tests test_repair_stream_table_resets_frontier
        PASS [   5.091s] (80/92) pg_trickle::e2e_user_trigger_tests test_before_trigger_modifies_new
        PASS [   5.275s] (81/92) pg_trickle::e2e_user_trigger_tests test_explicit_dml_no_op_skip
        PASS [   5.413s] (82/92) pg_trickle::e2e_user_trigger_tests test_explicit_dml_insert
        PASS [   5.473s] (83/92) pg_trickle::e2e_user_trigger_tests test_explicit_dml_delete
        PASS [   5.184s] (84/92) pg_trickle::e2e_user_trigger_tests test_explicit_dml_update
        PASS [   5.303s] (85/92) pg_trickle::e2e_user_trigger_tests test_guc_auto_detects_triggers
        PASS [   5.360s] (86/92) pg_trickle::e2e_user_trigger_tests test_full_refresh_suppresses_triggers
        PASS [   5.086s] (87/92) pg_trickle::e2e_user_trigger_tests test_guc_off_suppresses_triggers
        PASS [   7.138s] (88/92) pg_trickle::e2e_user_trigger_tests test_full_refresh_suppresses_reserved_prefix_only_application_triggers
        PASS [   5.275s] (89/92) pg_trickle::e2e_user_trigger_tests test_no_trigger_uses_merge
        PASS [   5.438s] (90/92) pg_trickle::e2e_user_trigger_tests test_guc_on_alias_detects_triggers
        PASS [   5.427s] (91/92) pg_trickle::e2e_user_trigger_tests test_trigger_audit_trail
        PASS [   6.891s] (92/92) pg_trickle::e2e_user_trigger_tests test_user_triggers_full_refresh_preserves_enabled_states
────────────
     Summary [ 105.547s] 92 tests run: 92 passed, 0 skipped
