error: postcondition not satisfied
   --> verification/lsn.rs:143:9
    |
143 | /         hex_value(Seq::<u8>::empty().push(byte).add(suffix))
144 | |             == hex_digit_value(byte) * pow16(suffix.len() as int) + hex_value(suffix)
    | |_____________________________________________________________________________________^ failed this postcondition
...
148 | /     if suffix.len() == 0 {
149 | |         let one: Seq<u8> = Seq::empty().push(byte);
150 | |         let prefixed: Seq<u8> = one.add(suffix);
151 | |         assert(prefixed =~= one);
...   |
173 | |         assert(pow16(suffix.len() as int) == pow16(prefix.len() as int) * 16);
174 | |     }
    | |_____- at the end of the function body

note: while loop: not all errors may have been reported; rerun with a higher value for --multiple-errors to find other potential errors in this function
   --> verification/lsn.rs:353:9
    |
353 |         while high_value > 0
    |         ^^^^^^^^^^^^^^^^^^^^

note: while loop: not all errors may have been reported; rerun with a higher value for --multiple-errors to find other potential errors in this function
   --> verification/lsn.rs:431:5
    |
431 |     while index < 8
    |     ^^^^^^^^^^^^^^^

note: function body check: not all errors may have been reported; rerun with a higher value for --multiple-errors to find other potential errors in this function
   --> verification/lsn.rs:332:1
    |
332 | pub fn format_bytes(position: u64) -> (formatted: ([u8; 17], usize))
    | ^^^^^^^^^^^^^^^^^^^^^^^^^^^^^^^^^^^^^^^^^^^^^^^^^^^^^^^^^^^^^^^^^^^

error: postcondition not satisfied
   --> verification/lsn.rs:335:9
    |
335 |         forall|index: int| 0 <= index < formatted.1 ==> formatted.0@[index] < 128,
    |         ^^^^^^^^^^^^^^^^^^^^^^^^^^^^^^^^^^^^^^^^^^^^^^^^^^^^^^^^^^^^^^^^^^^^^^^^^ failed this postcondition
...
485 |     (buffer, high_digits + 9)
    |     ------------------------- at the end of the function body

error: postcondition not satisfied
   --> verification/lsn.rs:336:9
    |
336 | /         forall|index: int| 0 <= index < formatted.1
337 | |             ==> formatted.0@[index] == 0x2Fu8 || uppercase_hex_byte(formatted.0@[index]),
    | |________________________________________________________________________________________^ failed this postcondition
...
485 |       (buffer, high_digits + 9)
    |       ------------------------- at the end of the function body

note: recommendation not met: value may be out of range of the target type (use `#[verifier::truncate]` on the cast to silence this warning)
   --> verification/lsn.rs:344:16
    |
344 |     let high = (position >> 32) as u32;
    |                ^^^^^^^^^^^^^^^^

error: assertion failed
   --> verification/lsn.rs:367:24
    |
367 |                 assert(high_value as int * pow16(high_digits as int) >= 4294967296);
    |                        ^^^^^^^^^^^^^^^^^^^^^^^^^^^^^^^^^^^^^^^^^^^^^^^^^^^^^^^^^^^ assertion failed

error: precondition not satisfied
   --> verification/lsn.rs:383:17
    |
141 |         forall|index: int| 0 <= index < suffix.len() ==> valid_hex_byte(suffix[index]),
    |         ------------------------------------------------------------------------------ failed precondition
...
383 |                 hex_value_prepend(digit_byte, old_suffix);
    |                 ^^^^^^^^^^^^^^^^^^^^^^^^^^^^^^^^^^^^^^^^^

error: assertion failed
   --> verification/lsn.rs:389:21
    |
389 | /                     next_value as int * pow16((old_digits + 1) as int)
390 | |                         + hex_value(new_suffix)
391 | |                         == (next_value as int * 16 + digit_value as int)
392 | |                             * pow16(old_digits as int) + hex_value(old_suffix)
    | |______________________________________________________________________________^ assertion failed

error: precondition not satisfied
   --> verification/lsn.rs:469:13
    |
141 |         forall|index: int| 0 <= index < suffix.len() ==> valid_hex_byte(suffix[index]),
    |         ------------------------------------------------------------------------------ failed precondition
...
469 |             hex_value_prepend(digit_byte, old_suffix);
    |             ^^^^^^^^^^^^^^^^^^^^^^^^^^^^^^^^^^^^^^^^^

error: assertion failed
   --> verification/lsn.rs:473:17
    |
473 | /                 next_value as int * pow16((old_index + 1) as int)
474 | |                     + hex_value(new_suffix)
475 | |                     == (next_value as int * 16 + digit_value as int)
476 | |                         * pow16(old_index as int) + hex_value(old_suffix)
    | |_________________________________________________________________________^ assertion failed

verification results:: 29 verified, 4 errors
error: aborting due to 8 previous errors

