error: postcondition not satisfied
   --> verification/lsn.rs:106:13
    |
105 | pub proof fn hex_value_push(bytes: Seq<u8>, byte: u8)
    | ----------------------------------------------------- at the end of the function body
106 |     ensures hex_value(bytes.push(byte)) == hex_value(bytes) * 16 + hex_digit_value(byte)
    |             ^^^^^^^^^^^^^^^^^^^^^^^^^^^^^^^^^^^^^^^^^^^^^^^^^^^^^^^^^^^^^^^^^^^^^^^^^^^^ failed this postcondition

error: assertion failed
   --> verification/lsn.rs:372:20
    |
372 |             assert(index - start + (end - index) <= 8);
    |                    ^^^^^^^^^^^^^^^^^^^^^^^^^^^^^^^^^^ assertion failed

error: postcondition not satisfied
   --> verification/lsn.rs:411:13
    |
411 |             Ok(parsed) => valid_lsn_bytes(value@.subrange(0, length as int))
    |             ^^^^^^^^^^ failed this postcondition
...
485 |         Ok(Self(pack_halves(high, low)))
    |         -------------------------------- at the end of the function body

error: postcondition not satisfied
   --> verification/lsn.rs:209:13
    |
209 |             Ok(parsed) => valid_lsn_bytes(bytes@)
    |             ^^^^^^^^^^ failed this postcondition
...
215 |     Lsn::parse_bytes_prefix(bytes, bytes.len())
    |     ------------------------------------------- at the end of the function body

note: while loop: not all errors may have been reported; rerun with a higher value for --multiple-errors to find other potential errors in this function
   --> verification/lsn.rs:268:9
    |
268 |         while high_value > 0
    |         ^^^^^^^^^^^^^^^^^^^^

note: while loop: not all errors may have been reported; rerun with a higher value for --multiple-errors to find other potential errors in this function
   --> verification/lsn.rs:278:9
    |
278 |         while index < high_digits
    |         ^^^^^^^^^^^^^^^^^^^^^^^^^

note: while loop: not all errors may have been reported; rerun with a higher value for --multiple-errors to find other potential errors in this function
   --> verification/lsn.rs:289:5
    |
289 |     while index < 8
    |     ^^^^^^^^^^^^^^^

note: function body check: not all errors may have been reported; rerun with a higher value for --multiple-errors to find other potential errors in this function
   --> verification/lsn.rs:248:1
    |
248 | pub fn format_bytes(position: u64) -> (formatted: ([u8; 17], usize))
    | ^^^^^^^^^^^^^^^^^^^^^^^^^^^^^^^^^^^^^^^^^^^^^^^^^^^^^^^^^^^^^^^^^^^

error: postcondition not satisfied
   --> verification/lsn.rs:251:9
    |
251 |         forall|index: int| 0 <= index < formatted.1 ==> formatted.0@[index] < 128,
    |         ^^^^^^^^^^^^^^^^^^^^^^^^^^^^^^^^^^^^^^^^^^^^^^^^^^^^^^^^^^^^^^^^^^^^^^^^^ failed this postcondition
...
297 |     (buffer, high_digits + 9)
    |     ------------------------- at the end of the function body

error: postcondition not satisfied
   --> verification/lsn.rs:252:9
    |
252 | /         forall|index: int| 0 <= index < formatted.1
253 | |             ==> formatted.0@[index] == 0x2Fu8 || uppercase_hex_byte(formatted.0@[index]),
    | |________________________________________________________________________________________^ failed this postcondition
...
297 |       (buffer, high_digits + 9)
    |       ------------------------- at the end of the function body

note: recommendation not met: value may be out of range of the target type (use `#[verifier::truncate]` on the cast to silence this warning)
   --> verification/lsn.rs:260:16
    |
260 |     let high = (position >> 32) as u32;
    |                ^^^^^^^^^^^^^^^^

[rust_verify/src/verifier.rs:98:17] &note = "failed precondition"
[rust_verify/src/verifier.rs:98:17] &sp.as_string = "vstd/std_specs/core.rs:230:9: 230:54 (#0)"
error: precondition not satisfied
   --> verification/lsn.rs:272:13
    |
272 |             buffer[7 - high_digits] = hex_character((high_value & 15) as u8);
    |             ^^^^^^^^^^^^^^^^^^^^^^^

error: possible arithmetic underflow/overflow
   --> verification/lsn.rs:272:20
    |
272 |             buffer[7 - high_digits] = hex_character((high_value & 15) as u8);
    |                    ^^^^^^^^^^^^^^^

error: precondition not satisfied
   --> verification/lsn.rs:272:39
    |
238 |     requires nibble <= 15
    |              ------------ failed precondition
...
272 |             buffer[7 - high_digits] = hex_character((high_value & 15) as u8);
    |                                       ^^^^^^^^^^^^^^^^^^^^^^^^^^^^^^^^^^^^^^

note: recommendation not met: value may be out of range of the target type (use `#[verifier::truncate]` on the cast to silence this warning)
   --> verification/lsn.rs:272:53
    |
272 |             buffer[7 - high_digits] = hex_character((high_value & 15) as u8);
    |                                                     ^^^^^^^^^^^^^^^^^

[rust_verify/src/verifier.rs:98:17] &note = "failed precondition"
[rust_verify/src/verifier.rs:98:17] &sp.as_string = "vstd/std_specs/core.rs:230:9: 230:54 (#0)"
error: precondition not satisfied
   --> verification/lsn.rs:282:13
    |
282 |             buffer[index] = buffer[high_start + index];
    |             ^^^^^^^^^^^^^

error: precondition not satisfied
   --> verification/lsn.rs:282:29
    |
282 |             buffer[index] = buffer[high_start + index];
    |                             ^^^^^^^^^^^^^^^^^^^^^^^^^^
    |
   ::: /opt/verus/vstd/array.rs:75:14
    |
75  |         0 <= i < N,
    |              - failed precondition

error: possible arithmetic underflow/overflow
   --> verification/lsn.rs:282:36
    |
282 |             buffer[index] = buffer[high_start + index];
    |                                    ^^^^^^^^^^^^^^^^^^

note: recommendation not met: value may be out of range of the target type (use `#[verifier::truncate]` on the cast to silence this warning)
   --> verification/lsn.rs:287:15
    |
287 |     let low = position as u32;
    |               ^^^^^^^^

error: possible arithmetic underflow/overflow
   --> verification/lsn.rs:294:16
    |
294 |         buffer[high_digits + 1 + index] = hex_character(((low >> shift) & 15) as u8);
    |                ^^^^^^^^^^^^^^^

error: possible arithmetic underflow/overflow
   --> verification/lsn.rs:294:16
    |
294 |         buffer[high_digits + 1 + index] = hex_character(((low >> shift) & 15) as u8);
    |                ^^^^^^^^^^^^^^^^^^^^^^^

note: recommendation not met: value may be out of range of the target type (use `#[verifier::truncate]` on the cast to silence this warning)
   --> verification/lsn.rs:294:57
    |
294 |         buffer[high_digits + 1 + index] = hex_character(((low >> shift) & 15) as u8);
    |                                                         ^^^^^^^^^^^^^^^^^^^^^

verification results:: 21 verified, 8 errors
error: aborting due to 14 previous errors

