note: while loop: not all errors may have been reported; rerun with a higher value for --multiple-errors to find other potential errors in this function
   --> verification/lsn.rs:298:9
    |
298 |         while high_value > 0
    |         ^^^^^^^^^^^^^^^^^^^^

note: while loop: not all errors may have been reported; rerun with a higher value for --multiple-errors to find other potential errors in this function
   --> verification/lsn.rs:308:9
    |
308 |         while index < high_digits
    |         ^^^^^^^^^^^^^^^^^^^^^^^^^

note: while loop: not all errors may have been reported; rerun with a higher value for --multiple-errors to find other potential errors in this function
   --> verification/lsn.rs:319:5
    |
319 |     while index < 8
    |     ^^^^^^^^^^^^^^^

note: function body check: not all errors may have been reported; rerun with a higher value for --multiple-errors to find other potential errors in this function
   --> verification/lsn.rs:278:1
    |
278 | pub fn format_bytes(position: u64) -> (formatted: ([u8; 17], usize))
    | ^^^^^^^^^^^^^^^^^^^^^^^^^^^^^^^^^^^^^^^^^^^^^^^^^^^^^^^^^^^^^^^^^^^

error: postcondition not satisfied
   --> verification/lsn.rs:281:9
    |
281 |         forall|index: int| 0 <= index < formatted.1 ==> formatted.0@[index] < 128,
    |         ^^^^^^^^^^^^^^^^^^^^^^^^^^^^^^^^^^^^^^^^^^^^^^^^^^^^^^^^^^^^^^^^^^^^^^^^^ failed this postcondition
...
327 |     (buffer, high_digits + 9)
    |     ------------------------- at the end of the function body

error: postcondition not satisfied
   --> verification/lsn.rs:282:9
    |
282 | /         forall|index: int| 0 <= index < formatted.1
283 | |             ==> formatted.0@[index] == 0x2Fu8 || uppercase_hex_byte(formatted.0@[index]),
    | |________________________________________________________________________________________^ failed this postcondition
...
327 |       (buffer, high_digits + 9)
    |       ------------------------- at the end of the function body

note: recommendation not met: value may be out of range of the target type (use `#[verifier::truncate]` on the cast to silence this warning)
   --> verification/lsn.rs:290:16
    |
290 |     let high = (position >> 32) as u32;
    |                ^^^^^^^^^^^^^^^^

[rust_verify/src/verifier.rs:98:17] &note = "failed precondition"
[rust_verify/src/verifier.rs:98:17] &sp.as_string = "vstd/std_specs/core.rs:230:9: 230:54 (#0)"
error: precondition not satisfied
   --> verification/lsn.rs:302:13
    |
302 |             buffer[7 - high_digits] = hex_character((high_value & 15) as u8);
    |             ^^^^^^^^^^^^^^^^^^^^^^^

error: possible arithmetic underflow/overflow
   --> verification/lsn.rs:302:20
    |
302 |             buffer[7 - high_digits] = hex_character((high_value & 15) as u8);
    |                    ^^^^^^^^^^^^^^^

error: precondition not satisfied
   --> verification/lsn.rs:302:39
    |
268 |     requires nibble <= 15
    |              ------------ failed precondition
...
302 |             buffer[7 - high_digits] = hex_character((high_value & 15) as u8);
    |                                       ^^^^^^^^^^^^^^^^^^^^^^^^^^^^^^^^^^^^^^

note: recommendation not met: value may be out of range of the target type (use `#[verifier::truncate]` on the cast to silence this warning)
   --> verification/lsn.rs:302:53
    |
302 |             buffer[7 - high_digits] = hex_character((high_value & 15) as u8);
    |                                                     ^^^^^^^^^^^^^^^^^

[rust_verify/src/verifier.rs:98:17] &note = "failed precondition"
[rust_verify/src/verifier.rs:98:17] &sp.as_string = "vstd/std_specs/core.rs:230:9: 230:54 (#0)"
error: precondition not satisfied
   --> verification/lsn.rs:312:13
    |
312 |             buffer[index] = buffer[high_start + index];
    |             ^^^^^^^^^^^^^

error: precondition not satisfied
   --> verification/lsn.rs:312:29
    |
312 |             buffer[index] = buffer[high_start + index];
    |                             ^^^^^^^^^^^^^^^^^^^^^^^^^^
    |
   ::: /opt/verus/vstd/array.rs:75:14
    |
75  |         0 <= i < N,
    |              - failed precondition

error: possible arithmetic underflow/overflow
   --> verification/lsn.rs:312:36
    |
312 |             buffer[index] = buffer[high_start + index];
    |                                    ^^^^^^^^^^^^^^^^^^

note: recommendation not met: value may be out of range of the target type (use `#[verifier::truncate]` on the cast to silence this warning)
   --> verification/lsn.rs:317:15
    |
317 |     let low = position as u32;
    |               ^^^^^^^^

error: possible arithmetic underflow/overflow
   --> verification/lsn.rs:324:16
    |
324 |         buffer[high_digits + 1 + index] = hex_character(((low >> shift) & 15) as u8);
    |                ^^^^^^^^^^^^^^^

error: possible arithmetic underflow/overflow
   --> verification/lsn.rs:324:16
    |
324 |         buffer[high_digits + 1 + index] = hex_character(((low >> shift) & 15) as u8);
    |                ^^^^^^^^^^^^^^^^^^^^^^^

note: recommendation not met: value may be out of range of the target type (use `#[verifier::truncate]` on the cast to silence this warning)
   --> verification/lsn.rs:324:57
    |
324 |         buffer[high_digits + 1 + index] = hex_character(((low >> shift) & 15) as u8);
    |                                                         ^^^^^^^^^^^^^^^^^^^^^

verification results:: 26 verified, 4 errors
error: aborting due to 10 previous errors

