error[E0601]: `main` function not found in crate `lsn`
   --> verification/lsn.rs:336:2
    |
336 | }
    |  ^ consider adding a `main` function to `verification/lsn.rs`

error[E0308]: mismatched types
  --> verification/lsn.rs:62:61
   |
62 |             && valid_hex_part(bytes.subrange(separator + 1, bytes.len()))
   |                                     --------                ^^^^^^^^^^^ expected `int`, found `nat`
   |                                     |
   |                                     arguments to this method are incorrect
   |
note: method defined here
  --> /home/runner/work/verus/verus/source/vstd/seq.rs:114:26

error[E0308]: mismatched types
  --> verification/lsn.rs:70:51
   |
70 |         + hex_value(bytes.subrange(separator + 1, bytes.len()))
   |                           --------                ^^^^^^^^^^^ expected `int`, found `nat`
   |                           |
   |                           arguments to this method are incorrect
   |
note: method defined here
  --> /home/runner/work/verus/verus/source/vstd/seq.rs:114:26

error[E0308]: mismatched types
   --> verification/lsn.rs:123:45
    |
123 |         match Lsn::parse_bytes(&formatted.0[..formatted.1]) {
    |                                 ------------^^^^^^^^^^^^^-
    |                                 |           |
    |                                 |           expected `int`, found `RangeTo<usize>`
    |                                 arguments to this method are incorrect
    |
    = note: expected struct `builtin::int`
               found struct `std::ops::RangeTo<usize>`
note: method defined here
   --> /home/runner/work/verus/verus/source/vstd/array.rs:31:13

error[E0308]: mismatched types
   --> verification/lsn.rs:123:32
    |
123 |         match Lsn::parse_bytes(&formatted.0[..formatted.1]) {
    |               ---------------- ^^^^^^^^^^^^^^^^^^^^^^^^^^^ expected `&[u8]`, found `&u8`
    |               |
    |               arguments to this function are incorrect
    |
    = note: expected reference `&[u8]`
               found reference `&u8`
note: associated function defined here
   --> verification/lsn.rs:231:12
    |
231 |     pub fn parse_bytes(value: &[u8]) -> (result: Result<Self, LsnParseError>)
    |            ^^^^^^^^^^^ ------------

error[E0308]: mismatched types
   --> verification/lsn.rs:169:62
    |
169 |     ensures match Lsn::parse_bytes(&format_bytes(position).0[..format_bytes(position).1]) {
    |                                     -------------------------^^^^^^^^^^^^^^^^^^^^^^^^^^-
    |                                     |                        |
    |                                     |                        expected `int`, found `RangeTo<usize>`
    |                                     arguments to this method are incorrect
    |
    = note: expected struct `builtin::int`
               found struct `std::ops::RangeTo<usize>`
note: method defined here
   --> /home/runner/work/verus/verus/source/vstd/array.rs:31:13

error[E0308]: mismatched types
   --> verification/lsn.rs:169:36
    |
169 |     ensures match Lsn::parse_bytes(&format_bytes(position).0[..format_bytes(position).1]) {
    |                   ---------------- ^^^^^^^^^^^^^^^^^^^^^^^^^^^^^^^^^^^^^^^^^^^^^^^^^^^^^ expected `&[u8]`, found `&u8`
    |                   |
    |                   arguments to this function are incorrect
    |
    = note: expected reference `&[u8]`
               found reference `&u8`
note: associated function defined here
   --> verification/lsn.rs:231:12
    |
231 |     pub fn parse_bytes(value: &[u8]) -> (result: Result<Self, LsnParseError>)
    |            ^^^^^^^^^^^ ------------

error[E0308]: mismatched types
   --> verification/lsn.rs:175:42
    |
175 |     let parsed = Lsn::parse_bytes(&bytes[..length]);
    |                                    ------^^^^^^^^-
    |                                    |     |
    |                                    |     expected `int`, found `RangeTo<usize>`
    |                                    arguments to this method are incorrect
    |
    = note: expected struct `builtin::int`
               found struct `std::ops::RangeTo<usize>`
note: method defined here
   --> /home/runner/work/verus/verus/source/vstd/array.rs:31:13

error[E0308]: mismatched types
   --> verification/lsn.rs:175:35
    |
175 |     let parsed = Lsn::parse_bytes(&bytes[..length]);
    |                  ---------------- ^^^^^^^^^^^^^^^^ expected `&[u8]`, found `&u8`
    |                  |
    |                  arguments to this function are incorrect
    |
    = note: expected reference `&[u8]`
               found reference `&u8`
note: associated function defined here
   --> verification/lsn.rs:231:12
    |
231 |     pub fn parse_bytes(value: &[u8]) -> (result: Result<Self, LsnParseError>)
    |            ^^^^^^^^^^^ ------------

error: aborting due to 9 previous errors

Some errors have detailed explanations: E0308, E0601.
For more information about an error, try `rustc --explain E0308`.
