error[E0308]: mismatched types
   --> verification/lsn.rs:688:52
    |
688 |     assert(output.subrange(high_digits as int + 1, output.len())
    |                   --------                         ^^^^^^^^^^^^ expected `int`, found `nat`
    |                   |
    |                   arguments to this method are incorrect
    |
note: method defined here
   --> /home/runner/work/verus/verus/source/vstd/seq.rs:114:26

error[E0308]: mismatched types
   --> verification/lsn.rs:691:62
    |
691 |     assert(hex_value(output.subrange(high_digits as int + 1, output.len())) == low as int);
    |                             --------                         ^^^^^^^^^^^^ expected `int`, found `nat`
    |                             |
    |                             arguments to this method are incorrect
    |
note: method defined here
   --> /home/runner/work/verus/verus/source/vstd/seq.rs:114:26

error: aborting due to 2 previous errors

For more information about this error, try `rustc --explain E0308`.
