GitHub Actions run: https://github.com/trickle-labs/pg-trickle/actions/runs/36252436204
Job: https://github.com/trickle-labs/pg-trickle/actions/runs/36252436204/job/108433655105
PR head: 710e657f17548fb7446e1b2384b595c3a530e162; base: edf700efdbb80983fe12c0e10f84fa271b818faf
Package candidate: 2e84d8b58f2a48b66d72479b71010f66efd66451 (merge parents are base then PR head)
Artifact ID: 10909823446; release-evidence SHA-256: e83b0b3d1d39cefde9df3668915c18d0a4b35c0aad5d8763e5f0f09e1d0bfdd6
Publication suite: shard 3/3; 9 executed, 0 skipped; four required cases passed; package digest 44401b1e531914e8a8b0cfb87a2cf9035159b12b3c418b69e7c3558c070f4e83

Selected runtime assertions from the job log:
[Q1096] case=sync publisher=e7a3e1a1f3f064a1410e5bc2c0c60b6e1d20bcb96df043599075d2a6db0cdc02 subscriber=9f2af74e14d8611e034a8bae0d6054af2bf6cfd4e38782bcac04e48f67394774 publication=pgt_pub_p1096_sync_1379932117520034_stream subscription=p1096_sync_1379932117520034_sub slot=p1096_sync_1379932117520034_sub initial_sync=exact
[Q1096] data publisher=e7a3e1a1f3f064a1410e5bc2c0c60b6e1d20bcb96df043599075d2a6db0cdc02:7689871968909758507:/var/lib/postgresql/18/docker subscriber=9f2af74e14d8611e034a8bae0d6054af2bf6cfd4e38782bcac04e48f67394774:7689872038098894891:/var/lib/postgresql/18/docker publication=pgt_pub_p1096_sync_1379932117520034_stream slot=p1096_sync_1379932117520034_sub network=pgt_pub_137993_1_64139515
        PASS [  34.077s] (6/9) pg_trickle::e2e_publication_crash_recovery_tests test_publication_recovery_initial_sync_dml_and_setup_failures
[Q1096] case=interrupted_catchup publisher=f3051a6cb3497e103739fd97035ee97c39ff6ffdbf7dd349307a0ffe957f370d subscriber=b56821353da79660be78c1a325c99584b0351240ac1dec2027880d043b2721b4 publication=pgt_pub_p1096_interrupted_catchup_1548822190412834_stream subscription=p1096_interrupted_catchup_1548822190412834_sub slot=p1096_interrupted_catchup_1548822190412834_sub initial_sync=exact
[Q1096] catchup_blocked worker_pid=1892 blocker_pid=1891 delivered_ids=1,2,4 pending_ids=50,6 slot=p1096_interrupted_catchup_1548822190412834_sub target_lsn=0/1DA67D0
[Q1096] interrupted_catchup final_checkpoint_lsn=0/1DA67D0 exact=true slot_caught_up=true
[Q1096] negative_controls missing_row=detected altered_value=detected disabled_progress=detected disabled_slot_backlog=true
[Q1096] data publisher=f3051a6cb3497e103739fd97035ee97c39ff6ffdbf7dd349307a0ffe957f370d:7689872111986049067:/var/lib/postgresql/18/docker subscriber=b56821353da79660be78c1a325c99584b0351240ac1dec2027880d043b2721b4:7689872181100585003:/var/lib/postgresql/18/docker publication=pgt_pub_p1096_interrupted_catchup_1548822190412834_stream slot=p1096_interrupted_catchup_1548822190412834_sub network=pgt_pub_154882_1_141165187
        PASS [  36.202s] (7/9) pg_trickle::e2e_publication_crash_recovery_tests test_publication_recovery_interrupted_catchup_and_negative_controls
[Q1096] case=publisher_restart publisher=eab5511d1a4846d3e637f5cf1fdbca1f47780fe46b39e04ef30de943bfa12d77 subscriber=69b1d208142e79354ca50c7e7b7ef00266e7a13d8b55b05229928852023c469e publication=pgt_pub_p1096_publisher_restart_1719592391410300_stream subscription=p1096_publisher_restart_1719592391410300_sub slot=p1096_publisher_restart_1719592391410300_sub initial_sync=exact
[Q1096] publisher_crash exact=true publication=pgt_pub_p1096_publisher_restart_1719592391410300_stream slot=p1096_publisher_restart_1719592391410300_sub retained_identity=true postmaster_before=2026-09-26 15:51:50.610586+00 postmaster_after=2026-09-26 15:52:22.644072+00
[Q1096] data publisher=eab5511d1a4846d3e637f5cf1fdbca1f47780fe46b39e04ef30de943bfa12d77:7689872267445592107:/var/lib/postgresql/18/docker subscriber=69b1d208142e79354ca50c7e7b7ef00266e7a13d8b55b05229928852023c469e:7689872336882602027:/var/lib/postgresql/18/docker publication=pgt_pub_p1096_publisher_restart_1719592391410300_stream slot=p1096_publisher_restart_1719592391410300_sub network=pgt_pub_171959_1_343106773
        PASS [  34.740s] (8/9) pg_trickle::e2e_publication_crash_recovery_tests test_publication_recovery_publisher_crash_retains_slot_and_catches_up
[Q1096] case=subscriber_restart publisher=6043028f9644387a0daa50d6f8b1cde69804e0f644cf3ea81c29775beb2eafe0 subscriber=745d357ce2824898461c0aec62e6d0cd20d17cb54a2e656723947358a6d972a6 publication=pgt_pub_p1096_subscriber_restart_1891982131947888_stream subscription=p1096_subscriber_restart_1891982131947888_sub slot=p1096_subscriber_restart_1891982131947888_sub initial_sync=exact
[Q1096] subscriber_down slot=p1096_subscriber_restart_1891982131947888_sub outstanding_lsn=0/1D8ED88
[Q1096] subscriber_restart exact=true postmaster_before=2026-09-26 15:52:41.472403+00 postmaster_after=2026-09-26 15:52:56.994122+00 slot_caught_up=true
[Q1096] data publisher=6043028f9644387a0daa50d6f8b1cde69804e0f644cf3ea81c29775beb2eafe0:7689872416745103403:/var/lib/postgresql/18/docker subscriber=745d357ce2824898461c0aec62e6d0cd20d17cb54a2e656723947358a6d972a6:7689872485870972971:/var/lib/postgresql/18/docker publication=pgt_pub_p1096_subscriber_restart_1891982131947888_stream slot=p1096_subscriber_restart_1891982131947888_sub network=pgt_pub_189198_1_83097007
        PASS [  33.665s] (9/9) pg_trickle::e2e_publication_crash_recovery_tests test_publication_recovery_subscriber_restart_catches_up
