#0 building with "desktop-linux" instance using docker driver

#1 [internal] load build definition from Dockerfile.e2e-asan
#1 transferring dockerfile: 4.64kB done
#1 DONE 0.0s

#2 [internal] load metadata for docker.io/library/postgres:18.6-bookworm@sha256:1c59e2c3c818eaa0f0628f695b36e7c9e362d6b219b36a54a32df645cbd7e1af
#2 DONE 0.9s

#3 [internal] load .dockerignore
#3 transferring context: 675B done
#3 DONE 0.0s

#4 [ 1/17] FROM docker.io/library/postgres:18.6-bookworm@sha256:1c59e2c3c818eaa0f0628f695b36e7c9e362d6b219b36a54a32df645cbd7e1af
#4 resolve docker.io/library/postgres:18.6-bookworm@sha256:1c59e2c3c818eaa0f0628f695b36e7c9e362d6b219b36a54a32df645cbd7e1af 0.0s done
#4 DONE 0.0s

#5 [internal] load build context
#5 transferring context: 22.12kB 0.0s done
#5 DONE 0.1s

#6 [ 9/17] COPY src/ src/
#6 CACHED

#7 [ 5/17] WORKDIR /build
#7 CACHED

#8 [ 8/17] COPY benches/ benches/
#8 CACHED

#9 [ 4/17] RUN export ASAN_OPTIONS=halt_on_error=1:abort_on_error=1:detect_leaks=0 &&     curl --proto '=https' --tlsv1.2 -sSf https://sh.rustup.rs |     sh -s -- -y --default-toolchain "nightly-2025-09-01" &&     rustup component add rust-src --toolchain "nightly-2025-09-01" &&     cargo install cargo-pgrx --version 0.18.0 --locked &&     /usr/local/pgsql/bin/pg_config --version &&     cargo pgrx init --pg18 /usr/local/pgsql/bin/pg_config
#9 CACHED

#10 [11/17] COPY pg_trickle.control ./
#10 CACHED

#11 [16/17] COPY tests/pg_tide.control     tests/pg_tide--0.46.0.sql     tests/pg_tide--0.53.0.sql     tests/pg_tide--0.54.0.sql     /usr/local/pgsql/share/extension/
#11 CACHED

#12 [ 2/17] RUN apt-get update && apt-get install -y --no-install-recommends     bison build-essential clang curl flex git libicu-dev liblz4-dev     libreadline-dev libssl-dev libxml2-dev libxml2-utils libzstd-dev     pkg-config python3-dev zlib1g-dev ca-certificates &&     rm -rf /var/lib/apt/lists/*
#12 CACHED

#13 [15/17] COPY tests/fixtures/asan_pg18_leak.supp /etc/asan/
#13 CACHED

#14 [ 7/17] COPY README.md ./
#14 CACHED

#15 [13/17] COPY tests/fixtures/asan_probe.c /tmp/asan_probe.c
#15 CACHED

#16 [10/17] COPY sql/ sql/
#16 CACHED

#17 [ 3/17] RUN curl -fsSLo /tmp/postgresql.tar.bz2       "https://ftp.postgresql.org/pub/source/v18.6/postgresql-18.6.tar.bz2" &&     mkdir -p /tmp/postgresql && tar -xjf /tmp/postgresql.tar.bz2 --strip-components=1 -C /tmp/postgresql &&     cd /tmp/postgresql &&     CFLAGS='-O1 -g -fsanitize=address -fno-omit-frame-pointer'     LDFLAGS='-fsanitize=address' ./configure --prefix=/usr/local/pgsql       --enable-cassert --with-icu --with-llvm=no --with-openssl &&     make -j"$(nproc)" && make install &&     rm -rf /tmp/postgresql /tmp/postgresql.tar.bz2
#17 CACHED

#18 [ 6/17] COPY Cargo.toml Cargo.lock ./
#18 CACHED

#19 [14/17] COPY tests/fixtures/initdb-asan-wrapper.sh /tmp/initdb-asan-wrapper.sh
#19 CACHED

#20 [12/17] RUN export ASAN_OPTIONS=halt_on_error=1:abort_on_error=1:detect_leaks=0 &&     cargo +"nightly-2025-09-01" pgrx package --features pg18,e2e-unsafe-test-hooks       --pg-config /usr/local/pgsql/bin/pg_config       --target x86_64-unknown-linux-gnu &&     RUSTFLAGS='-Zsanitizer=address -Cforce-frame-pointers=yes'       cargo +"nightly-2025-09-01" build --lib --release         --features pg18,e2e-unsafe-test-hooks --no-default-features         --target x86_64-unknown-linux-gnu &&     cp target/x86_64-unknown-linux-gnu/release/libpg_trickle.so       target/x86_64-unknown-linux-gnu/release/pg_trickle-pg18/usr/local/pgsql/lib/pg_trickle.so &&     cp -a target/x86_64-unknown-linux-gnu/release/pg_trickle-pg18/usr/. /usr/local/pgsql/
#20 CACHED

#21 [17/17] RUN cp -a /usr/local/pgsql/local/pgsql/. /usr/local/pgsql/ &&     rm -rf /usr/local/pgsql/local &&     for helper in initdb pg_ctl psql; do       mv "/usr/local/pgsql/bin/${helper}" "/usr/local/pgsql/bin/${helper}.asan-helper" &&       install -m 0755 /tmp/initdb-asan-wrapper.sh "/usr/local/pgsql/bin/${helper}" || exit 1;     done &&     rm /tmp/initdb-asan-wrapper.sh &&     install -d -m 0755 /etc/asan &&     cc -O0 -g -fsanitize=address -fno-omit-frame-pointer       /tmp/asan_probe.c -o /usr/local/bin/asan_probe &&     rm /tmp/asan_probe.c &&     echo "shared_preload_libraries = 'pg_trickle'" >> /usr/local/pgsql/share/postgresql.conf.sample &&     echo "listen_addresses = '*'" >> /usr/local/pgsql/share/postgresql.conf.sample &&     echo "track_commit_timestamp = on" >> /usr/local/pgsql/share/postgresql.conf.sample &&     echo "wal_level = logical" >> /usr/local/pgsql/share/postgresql.conf.sample &&     echo "max_replication_slots = 10" >> /usr/local/pgsql/share/postgresql.conf.sample &&       echo "max_worker_processes = 128" >> /usr/local/pgsql/share/postgresql.conf.sample &&       echo "CREATE EXTENSION IF NOT EXISTS pg_trickle CASCADE;" > /docker-entrypoint-initdb.d/00-create-pg-trickle.sql &&       chown -R postgres:postgres /usr/local/pgsql
#21 CACHED

#22 exporting to image
#22 exporting layers done
#22 exporting manifest sha256:b24d529d77d7ec05ae7c511c156accbb4c62e13975ff3976cb4bfc810ee11d7f done
#22 exporting config sha256:7135e34f1229378e63a13ce30bb12088003cde0054b364b98f6988d604026f53 done
#22 exporting attestation manifest sha256:9a7778bd8e3ecd709d17e1c1173327965d21a537175fe7c2d69760330c14c8da done
#22 exporting manifest list sha256:6a899c43c9b4c5ff14a95a1b14464bf001d978dc9d2075af471f56d199dbbdc4 done
#22 naming to docker.io/library/pg_trickle_e2e_asan:issue-1098-proof done
#22 DONE 0.1s
