error: postcondition not satisfied
   --> verification/lsn.rs:426:13
    |
426 |             Ok(parsed) => valid_lsn_bytes(value@.subrange(0, length as int))
    |             ^^^^^^^^^^ failed this postcondition
...
500 |         Ok(Self(pack_halves(high, low)))
    |         -------------------------------- at the end of the function body

error: postcondition not satisfied
   --> verification/lsn.rs:221:13
    |
221 |             Ok(parsed) => valid_lsn_bytes(bytes@)
    |             ^^^^^^^^^^ failed this postcondition
...
227 |     Lsn::parse_bytes_prefix(bytes, bytes.len())
    |     ------------------------------------------- at the end of the function body

note: while loop: not all errors may have been reported; rerun with a higher value for --multiple-errors to find other potential errors in this function
   --> verification/lsn.rs:280:9
    |
280 |         while high_value > 0
    |         ^^^^^^^^^^^^^^^^^^^^

note: while loop: not all errors may have been reported; rerun with a higher value for --multiple-errors to find other potential errors in this function
   --> verification/lsn.rs:290:9
    |
290 |         while index < high_digits
    |         ^^^^^^^^^^^^^^^^^^^^^^^^^

note: while loop: not all errors may have been reported; rerun with a higher value for --multiple-errors to find other potential errors in this function
   --> verification/lsn.rs:301:5
    |
301 |     while index < 8
    |     ^^^^^^^^^^^^^^^

note: function body check: not all errors may have been reported; rerun with a higher value for --multiple-errors to find other potential errors in this function
   --> verification/lsn.rs:260:1
    |
260 | pub fn format_bytes(position: u64) -> (formatted: ([u8; 17], usize))
    | ^^^^^^^^^^^^^^^^^^^^^^^^^^^^^^^^^^^^^^^^^^^^^^^^^^^^^^^^^^^^^^^^^^^

error: postcondition not satisfied
   --> verification/lsn.rs:263:9
    |
263 |         forall|index: int| 0 <= index < formatted.1 ==> formatted.0@[index] < 128,
    |         ^^^^^^^^^^^^^^^^^^^^^^^^^^^^^^^^^^^^^^^^^^^^^^^^^^^^^^^^^^^^^^^^^^^^^^^^^ failed this postcondition
...
309 |     (buffer, high_digits + 9)
    |     ------------------------- at the end of the function body

error: postcondition not satisfied
   --> verification/lsn.rs:264:9
    |
264 | /         forall|index: int| 0 <= index < formatted.1
265 | |             ==> formatted.0@[index] == 0x2Fu8 || uppercase_hex_byte(formatted.0@[index]),
    | |________________________________________________________________________________________^ failed this postcondition
...
309 |       (buffer, high_digits + 9)
    |       ------------------------- at the end of the function body

note: recommendation not met: value may be out of range of the target type (use `#[verifier::truncate]` on the cast to silence this warning)
   --> verification/lsn.rs:272:16
    |
272 |     let high = (position >> 32) as u32;
    |                ^^^^^^^^^^^^^^^^

[rust_verify/src/verifier.rs:98:17] &note = "failed precondition"
[rust_verify/src/verifier.rs:98:17] &sp.as_string = "vstd/std_specs/core.rs:230:9: 230:54 (#0)"
error: precondition not satisfied
   --> verification/lsn.rs:284:13
    |
284 |             buffer[7 - high_digits] = hex_character((high_value & 15) as u8);
    |             ^^^^^^^^^^^^^^^^^^^^^^^

error: possible arithmetic underflow/overflow
   --> verification/lsn.rs:284:20
    |
284 |             buffer[7 - high_digits] = hex_character((high_value & 15) as u8);
    |                    ^^^^^^^^^^^^^^^

error: precondition not satisfied
   --> verification/lsn.rs:284:39
    |
250 |     requires nibble <= 15
    |              ------------ failed precondition
...
284 |             buffer[7 - high_digits] = hex_character((high_value & 15) as u8);
    |                                       ^^^^^^^^^^^^^^^^^^^^^^^^^^^^^^^^^^^^^^

note: recommendation not met: value may be out of range of the target type (use `#[verifier::truncate]` on the cast to silence this warning)
   --> verification/lsn.rs:284:53
    |
284 |             buffer[7 - high_digits] = hex_character((high_value & 15) as u8);
    |                                                     ^^^^^^^^^^^^^^^^^

[rust_verify/src/verifier.rs:98:17] &note = "failed precondition"
[rust_verify/src/verifier.rs:98:17] &sp.as_string = "vstd/std_specs/core.rs:230:9: 230:54 (#0)"
error: precondition not satisfied
   --> verification/lsn.rs:294:13
    |
294 |             buffer[index] = buffer[high_start + index];
    |             ^^^^^^^^^^^^^

error: precondition not satisfied
   --> verification/lsn.rs:294:29
    |
294 |             buffer[index] = buffer[high_start + index];
    |                             ^^^^^^^^^^^^^^^^^^^^^^^^^^
    |
   ::: /opt/verus/vstd/array.rs:75:14
    |
75  |         0 <= i < N,
    |              - failed precondition

error: possible arithmetic underflow/overflow
   --> verification/lsn.rs:294:36
    |
294 |             buffer[index] = buffer[high_start + index];
    |                                    ^^^^^^^^^^^^^^^^^^

note: recommendation not met: value may be out of range of the target type (use `#[verifier::truncate]` on the cast to silence this warning)
   --> verification/lsn.rs:299:15
    |
299 |     let low = position as u32;
    |               ^^^^^^^^

error: possible arithmetic underflow/overflow
   --> verification/lsn.rs:306:16
    |
306 |         buffer[high_digits + 1 + index] = hex_character(((low >> shift) & 15) as u8);
    |                ^^^^^^^^^^^^^^^

error: possible arithmetic underflow/overflow
   --> verification/lsn.rs:306:16
    |
306 |         buffer[high_digits + 1 + index] = hex_character(((low >> shift) & 15) as u8);
    |                ^^^^^^^^^^^^^^^^^^^^^^^

note: recommendation not met: value may be out of range of the target type (use `#[verifier::truncate]` on the cast to silence this warning)
   --> verification/lsn.rs:306:57
    |
306 |         buffer[high_digits + 1 + index] = hex_character(((low >> shift) & 15) as u8);
    |                                                         ^^^^^^^^^^^^^^^^^^^^^

verification results:: 23 verified, 6 errors
error: aborting due to 12 previous errors

